Component: Arm Compiler for Embedded 6.21 Tool: armlink [5ec1fa00]

==============================================================================

Section Cross References

    startup_stm32f407xx.o(STACK) refers (Special) to heapauxi.o(.text) for __use_two_region_memory
    startup_stm32f407xx.o(HEAP) refers (Special) to heapauxi.o(.text) for __use_two_region_memory
    startup_stm32f407xx.o(RESET) refers (Special) to heapauxi.o(.text) for __use_two_region_memory
    startup_stm32f407xx.o(RESET) refers to startup_stm32f407xx.o(STACK) for __initial_sp
    startup_stm32f407xx.o(RESET) refers to startup_stm32f407xx.o(.text) for Reset_Handler
    startup_stm32f407xx.o(RESET) refers to stm32f4xx_it.o(.text.NMI_Handler) for NMI_Handler
    startup_stm32f407xx.o(RESET) refers to stm32f4xx_it.o(.text.HardFault_Handler) for HardFault_Handler
    startup_stm32f407xx.o(RESET) refers to stm32f4xx_it.o(.text.MemManage_Handler) for MemManage_Handler
    startup_stm32f407xx.o(RESET) refers to stm32f4xx_it.o(.text.BusFault_Handler) for BusFault_Handler
    startup_stm32f407xx.o(RESET) refers to stm32f4xx_it.o(.text.UsageFault_Handler) for UsageFault_Handler
    startup_stm32f407xx.o(RESET) refers to stm32f4xx_it.o(.text.SVC_Handler) for SVC_Handler
    startup_stm32f407xx.o(RESET) refers to stm32f4xx_it.o(.text.DebugMon_Handler) for DebugMon_Handler
    startup_stm32f407xx.o(RESET) refers to stm32f4xx_it.o(.text.PendSV_Handler) for PendSV_Handler
    startup_stm32f407xx.o(RESET) refers to stm32f4xx_it.o(.text.SysTick_Handler) for SysTick_Handler
    startup_stm32f407xx.o(.text) refers (Special) to heapauxi.o(.text) for __use_two_region_memory
    startup_stm32f407xx.o(.text) refers to system_stm32f4xx.o(.text.SystemInit) for SystemInit
    startup_stm32f407xx.o(.text) refers to __main.o(!!!main) for __main
    startup_stm32f407xx.o(.text) refers to startup_stm32f407xx.o(HEAP) for Heap_Mem
    startup_stm32f407xx.o(.text) refers to startup_stm32f407xx.o(STACK) for Stack_Mem
    main.o(.text.main) refers to stm32f4xx_hal.o(.text.HAL_Init) for HAL_Init
    main.o(.text.main) refers to main.o(.text.SystemClock_Config) for SystemClock_Config
    main.o(.text.main) refers to gpio.o(.text.MX_GPIO_Init) for MX_GPIO_Init
    main.o(.text.main) refers to spi.o(.text.MX_SPI3_Init) for MX_SPI3_Init
    main.o(.text.main) refers to lcd_spi_169.o(.text.SPI_LCD_Init) for SPI_LCD_Init
    main.o(.text.main) refers to main.o(.rodata.str1.1) for .L.str
    main.o(.text.main) refers to lcd_spi_169.o(.text.LCD_SetDirection) for LCD_SetDirection
    main.o(.text.main) refers to lcd_fonts.o(.data.CH_Font24) for CH_Font24
    main.o(.text.main) refers to lcd_spi_169.o(.text.LCD_SetTextFont) for LCD_SetTextFont
    main.o(.text.main) refers to lcd_spi_169.o(.text.LCD_SetColor) for LCD_SetColor
    main.o(.text.main) refers to lcd_spi_169.o(.text.LCD_SetBackColor) for LCD_SetBackColor
    main.o(.text.main) refers to lcd_spi_169.o(.text.LCD_Clear) for LCD_Clear
    main.o(.text.main) refers to lcd_spi_169.o(.text.LCD_DisplayText) for LCD_DisplayText
    main.o(.text.main) refers to stm32f4xx_hal.o(.text.HAL_Delay) for HAL_Delay
    main.o(.ARM.exidx.text.main) refers to main.o(.text.main) for [Anonymous Symbol]
    main.o(.text.SystemClock_Config) refers to stm32f4xx_hal_rcc.o(.text.HAL_RCC_OscConfig) for HAL_RCC_OscConfig
    main.o(.text.SystemClock_Config) refers to stm32f4xx_hal_rcc.o(.text.HAL_RCC_ClockConfig) for HAL_RCC_ClockConfig
    main.o(.ARM.exidx.text.SystemClock_Config) refers to main.o(.text.SystemClock_Config) for [Anonymous Symbol]
    main.o(.text.LCD_Test_Clear) refers to lcd_spi_169.o(.text.LCD_SetDirection) for LCD_SetDirection
    main.o(.text.LCD_Test_Clear) refers to lcd_fonts.o(.data.CH_Font24) for CH_Font24
    main.o(.text.LCD_Test_Clear) refers to lcd_spi_169.o(.text.LCD_SetTextFont) for LCD_SetTextFont
    main.o(.text.LCD_Test_Clear) refers to lcd_spi_169.o(.text.LCD_SetColor) for LCD_SetColor
    main.o(.text.LCD_Test_Clear) refers to lcd_spi_169.o(.text.LCD_SetBackColor) for LCD_SetBackColor
    main.o(.text.LCD_Test_Clear) refers to lcd_spi_169.o(.text.LCD_Clear) for LCD_Clear
    main.o(.text.LCD_Test_Clear) refers to main.o(.rodata.str1.1) for .L.str
    main.o(.text.LCD_Test_Clear) refers to lcd_spi_169.o(.text.LCD_DisplayText) for LCD_DisplayText
    main.o(.text.LCD_Test_Clear) refers to stm32f4xx_hal.o(.text.HAL_Delay) for HAL_Delay
    main.o(.ARM.exidx.text.LCD_Test_Clear) refers to main.o(.text.LCD_Test_Clear) for [Anonymous Symbol]
    main.o(.ARM.exidx.text.Error_Handler) refers to main.o(.text.Error_Handler) for [Anonymous Symbol]
    gpio.o(.ARM.exidx.text.MX_GPIO_Init) refers to gpio.o(.text.MX_GPIO_Init) for [Anonymous Symbol]
    spi.o(.text.MX_SPI3_Init) refers to spi.o(.bss.hspi3) for hspi3
    spi.o(.text.MX_SPI3_Init) refers to stm32f4xx_hal_spi.o(.text.HAL_SPI_Init) for HAL_SPI_Init
    spi.o(.text.MX_SPI3_Init) refers to main.o(.text.Error_Handler) for Error_Handler
[...]
    ../clib/printf.c                         0x00000000   Number         0  _printf_oct_ll.o ABSOLUTE
    ../clib/printf.c                         0x00000000   Number         0  _printf_oct_int.o ABSOLUTE
    ../clib/printf.c                         0x00000000   Number         0  _printf_oct_int_ll.o ABSOLUTE
    ../clib/printf.c                         0x00000000   Number         0  _printf_hex_ll.o ABSOLUTE
    ../clib/printf.c                         0x00000000   Number         0  _printf_hex_int.o ABSOLUTE
    ../clib/printf.c                         0x00000000   Number         0  _printf_hex_int_ll.o ABSOLUTE
    ../clib/printf.c                         0x00000000   Number         0  _printf_hex_ptr.o ABSOLUTE
    ../clib/printf.c                         0x00000000   Number         0  _printf_hex_int_ptr.o ABSOLUTE
    ../clib/printf.c                         0x00000000   Number         0  _printf_hex_ll_ptr.o ABSOLUTE
    ../clib/printf.c                         0x00000000   Number         0  _printf_hex_int_ll_ptr.o ABSOLUTE
    ../clib/printf.c                         0x00000000   Number         0  __printf_flags.o ABSOLUTE
    ../clib/printf.c                         0x00000000   Number         0  __printf_ss.o ABSOLUTE
    ../clib/printf.c                         0x00000000   Number         0  __printf_flags_ss.o ABSOLUTE
    ../clib/printf.c                         0x00000000   Number         0  __printf_wp.o ABSOLUTE
    ../clib/printf.c                         0x00000000   Number         0  __printf_flags_wp.o ABSOLUTE
    ../clib/printf.c                         0x00000000   Number         0  __printf_ss_wp.o ABSOLUTE
    ../clib/printf.c                         0x00000000   Number         0  __printf_flags_ss_wp.o ABSOLUTE
    ../clib/printf.c                         0x00000000   Number         0  _printf_intcommon.o ABSOLUTE
    ../clib/printf.c                         0x00000000   Number         0  _printf_fp_dec.o ABSOLUTE
    ../clib/printf.c                         0x00000000   Number         0  _printf_fp_dec_accurate.o ABSOLUTE
    ../clib/printf.c                         0x00000000   Number         0  _printf_fp_hex.o ABSOLUTE
    ../clib/printf.c                         0x00000000   Number         0  _printf_char_common.o ABSOLUTE
    ../clib/printf.c                         0x00000000   Number         0  _sputc.o ABSOLUTE
    ../clib/printf.c                         0x00000000   Number         0  _printf_char.o ABSOLUTE
    ../clib/printf.c                         0x00000000   Number         0  _printf_wchar.o ABSOLUTE
    ../clib/printf.c                         0x00000000   Number         0  _printf_fp_infnan.o ABSOLUTE
    ../clib/printf.c                         0x00000000   Number         0  __printf_nopercent.o ABSOLUTE
    ../clib/printf_percent.s                 0x00000000   Number         0  _printf_c.o ABSOLUTE
    ../clib/printf_percent.s                 0x00000000   Number         0  _printf_x.o ABSOLUTE
    ../clib/printf_percent.s                 0x00000000   Number         0  _printf_o.o ABSOLUTE
    ../clib/printf_percent.s                 0x00000000   Number         0  _printf_i.o ABSOLUTE
    ../clib/printf_percent.s                 0x00000000   Number         0  _printf_d.o ABSOLUTE
    ../clib/printf_percent.s                 0x00000000   Number         0  _printf_u.o ABSOLUTE
    ../clib/printf_percent.s                 0x00000000   Number         0  _printf_f.o ABSOLUTE
    ../clib/printf_percent.s                 0x00000000   Number         0  _printf_e.o ABSOLUTE
    ../clib/printf_percent.s                 0x00000000   Number         0  _printf_g.o ABSOLUTE
    ../clib/printf_percent.s                 0x00000000   Number         0  _printf_a.o ABSOLUTE
    ../clib/printf_percent.s                 0x00000000   Number         0  _printf_percent.o ABSOLUTE
    ../clib/printf_percent.s                 0x00000000   Number         0  _printf_lc.o ABSOLUTE
    ../clib/printf_percent.s                 0x00000000   Number         0  _printf_percent_end.o ABSOLUTE
    ../clib/printf_percent.s                 0x00000000   Number         0  _printf_l.o ABSOLUTE
    ../clib/signal.c                         0x00000000   Number         0  defsig_fpe_outer.o ABSOLUTE
    ../clib/signal.c                         0x00000000   Number         0  defsig_fpe_formal.o ABSOLUTE
    ../clib/signal.c                         0x00000000   Number         0  defsig_exit.o ABSOLUTE
    ../clib/signal.c                         0x00000000   Number         0  defsig_fpe_inner.o ABSOLUTE
    ../clib/signal.c                         0x00000000   Number         0  __raise.o ABSOLUTE
    ../clib/signal.c                         0x00000000   Number         0  defsig_general.o ABSOLUTE
    ../clib/signal.c                         0x00000000   Number         0  defsig_rtmem_outer.o ABSOLUTE
    ../clib/signal.c                         0x00000000   Number         0  defsig_rtmem_formal.o ABSOLUTE
    ../clib/signal.c                         0x00000000   Number         0  defsig_abrt_inner.o ABSOLUTE
    ../clib/signal.c                         0x00000000   Number         0  defsig_rtred_inner.o ABSOLUTE
    ../clib/signal.c                         0x00000000   Number         0  defsig_rtmem_inner.o ABSOLUTE
    ../clib/signal.c                         0x00000000   Number         0  defsig_stak_inner.o ABSOLUTE
    ../clib/signal.c                         0x00000000   Number         0  defsig_pvfn_inner.o ABSOLUTE
    ../clib/signal.c                         0x00000000   Number         0  defsig_cppl_inner.o ABSOLUTE
    ../clib/signal.c                         0x00000000   Number         0  defsig_segv_inner.o ABSOLUTE
    ../clib/signal.c                         0x00000000   Number         0  defsig_other.o ABSOLUTE
    ../clib/signal.s                         0x00000000   Number         0  defsig.o ABSOLUTE
    ../clib/stdlib.c                         0x00000000   Number         0  exit.o ABSOLUTE
    ../fplib/fpinit.s                        0x00000000   Number         0  fpinit.o ABSOLUTE
    ../fplib/istatus.s                       0x00000000   Number         0  istatus.o ABSOLUTE
    ../fplib/printf1.s                       0x00000000   Number         0  printf1.o ABSOLUTE
    ../fplib/printf2.s                       0x00000000   Number         0  printf2.o ABSOLUTE
    ../fplib/printf2a.s                      0x00000000   Number         0  printf2a.o ABSOLUTE
    ../fplib/printf2b.s                      0x00000000   Number         0  printf2b.o ABSOLUTE
    ../fplib/usenofp.s                       0x00000000   Number         0  usenofp.o ABSOLUTE
    ../mathlib/fpclassify.c                  0x00000000   Number         0  fpclassify.o ABSOLUTE
    dc.s                                     0x00000000   Number         0  dc.o ABSOLUTE
    gpio.c                                   0x00000000   Number         0  gpio.o ABSOLUTE
    lcd_fonts.c                              0x00000000   Number         0  lcd_fonts.o ABSOLUTE
    lcd_image.c                              0x00000000   Number         0  lcd_image.o ABSOLUTE
    lcd_spi_169.c                            0x00000000   Number         0  lcd_spi_169.o ABSOLUTE
    main.c                                   0x00000000   Number         0  main.o ABSOLUTE
    spi.c                                    0x00000000   Number         0  spi.o ABSOLUTE
    startup_stm32f407xx.s                    0x00000000   Number         0  startup_stm32f407xx.o ABSOLUTE
    stm32f4xx_hal.c                          0x00000000   Number         0  stm32f4xx_hal.o ABSOLUTE
    stm32f4xx_hal_cortex.c                   0x00000000   Number         0  stm32f4xx_hal_cortex.o ABSOLUTE
    stm32f4xx_hal_dma.c                      0x00000000   Number         0  stm32f4xx_hal_dma.o ABSOLUTE
    stm32f4xx_hal_dma_ex.c                   0x00000000   Number         0  stm32f4xx_hal_dma_ex.o ABSOLUTE
    stm32f4xx_hal_exti.c                     0x00000000   Number         0  stm32f4xx_hal_exti.o ABSOLUTE
    stm32f4xx_hal_flash.c                    0x00000000   Number         0  stm32f4xx_hal_flash.o ABSOLUTE
    stm32f4xx_hal_flash_ex.c                 0x00000000   Number         0  stm32f4xx_hal_flash_ex.o ABSOLUTE
    stm32f4xx_hal_flash_ramfunc.c            0x00000000   Number         0  stm32f4xx_hal_flash_ramfunc.o ABSOLUTE
    stm32f4xx_hal_gpio.c                     0x00000000   Number         0  stm32f4xx_hal_gpio.o ABSOLUTE
    stm32f4xx_hal_msp.c                      0x00000000   Number         0  stm32f4xx_hal_msp.o ABSOLUTE
    stm32f4xx_hal_pwr.c                      0x00000000   Number         0  stm32f4xx_hal_pwr.o ABSOLUTE
    stm32f4xx_hal_pwr_ex.c                   0x00000000   Number         0  stm32f4xx_hal_pwr_ex.o ABSOLUTE
    stm32f4xx_hal_rcc.c                      0x00000000   Number         0  stm32f4xx_hal_rcc.o ABSOLUTE
    stm32f4xx_hal_rcc_ex.c                   0x00000000   Number         0  stm32f4xx_hal_rcc_ex.o ABSOLUTE
    stm32f4xx_hal_spi.c                      0x00000000   Number         0  stm32f4xx_hal_spi.o ABSOLUTE
    stm32f4xx_hal_tim.c                      0x00000000   Number         0  stm32f4xx_hal_tim.o ABSOLUTE
    stm32f4xx_hal_tim_ex.c                   0x00000000   Number         0  stm32f4xx_hal_tim_ex.o ABSOLUTE
    stm32f4xx_it.c                           0x00000000   Number         0  stm32f4xx_it.o ABSOLUTE
    system_stm32f4xx.c                       0x00000000   Number         0  system_stm32f4xx.o ABSOLUTE
    RESET                                    0x08000000   Section      392  startup_stm32f407xx.o(RESET)
    !!!main                                  0x08000188   Section        8  __main.o(!!!main)
    !!!scatter                               0x08000190   Section       92  __scatter.o(!!!scatter)
    !!handler_copy                           0x080001ec   Section       26  __scatter_copy.o(!!handler_copy)
    !!handler_null                           0x08000208   Section        2  __scatter.o(!!handler_null)
    !!handler_zi                             0x0800020c   Section       28  __scatter_zi.o(!!handler_zi)
    .ARM.Collect$$_printf_percent$$00000000  0x08000228   Section        0  _printf_percent.o(.ARM.Collect$$_printf_percent$$00000000)
    .ARM.Collect$$_printf_percent$$00000003  0x08000228   Section        6  _printf_f.o(.ARM.Collect$$_printf_percent$$00000003)
    .ARM.Collect$$_printf_percent$$00000004  0x0800022e   Section        6  _printf_e.o(.ARM.Collect$$_printf_percent$$00000004)
    .ARM.Collect$$_printf_percent$$00000005  0x08000234   Section        6  _printf_g.o(.ARM.Collect$$_printf_percent$$00000005)
    .ARM.Collect$$_printf_percent$$00000006  0x0800023a   Section        6  _printf_a.o(.ARM.Collect$$_printf_percent$$00000006)
    .ARM.Collect$$_printf_percent$$00000008  0x08000240   Section        6  _printf_i.o(.ARM.Collect$$_printf_percent$$00000008)
    .ARM.Collect$$_printf_percent$$00000009  0x08000246   Section        6  _printf_d.o(.ARM.Collect$$_printf_percent$$00000009)
    .ARM.Collect$$_printf_percent$$0000000A  0x0800024c   Section        6  _printf_u.o(.ARM.Collect$$_printf_percent$$0000000A)
    .ARM.Collect$$_printf_percent$$0000000B  0x08000252   Section        6  _printf_o.o(.ARM.Collect$$_printf_percent$$0000000B)
    .ARM.Collect$$_printf_percent$$0000000C  0x08000258   Section        6  _printf_x.o(.ARM.Collect$$_printf_percent$$0000000C)
    .ARM.Collect$$_printf_percent$$00000012  0x0800025e   Section       10  _printf_l.o(.ARM.Collect$$_printf_percent$$00000012)
    .ARM.Collect$$_printf_percent$$00000013  0x08000268   Section        6  _printf_c.o(.ARM.Collect$$_printf_percent$$00000013)
    .ARM.Collect$$_printf_percent$$00000015  0x0800026e   Section        6  _printf_lc.o(.ARM.Collect$$_printf_percent$$00000015)
    .ARM.Collect$$_printf_percent$$00000017  0x08000274   Section        4  _printf_percent_end.o(.ARM.Collect$$_printf_percent$$00000017)
    .ARM.Collect$$libinit$$00000000          0x08000278   Section        2  libinit.o(.ARM.Collect$$libinit$$00000000)
    .ARM.Collect$$libinit$$00000001          0x0800027a   Section        4  libinit2.o(.ARM.Collect$$libinit$$00000001)
    .ARM.Collect$$libinit$$00000004          0x0800027e   Section        0  libinit2.o(.ARM.Collect$$libinit$$00000004)
    .ARM.Collect$$libinit$$00000006          0x0800027e   Section        0  libinit2.o(.ARM.Collect$$libinit$$00000006)
    .ARM.Collect$$libinit$$0000000C          0x0800027e   Section        0  libinit2.o(.ARM.Collect$$libinit$$0000000C)
    .ARM.Collect$$libinit$$0000000E          0x0800027e   Section        0  libinit2.o(.ARM.Collect$$libinit$$0000000E)
    .ARM.Collect$$libinit$$00000010          0x0800027e   Section        0  libinit2.o(.ARM.Collect$$libinit$$00000010)
    .ARM.Collect$$libinit$$00000011          0x0800027e   Section        6  libinit2.o(.ARM.Collect$$libinit$$00000011)
    .ARM.Collect$$libinit$$00000013          0x08000284   Section        0  libinit2.o(.ARM.Collect$$libinit$$00000013)
    .ARM.Collect$$libinit$$00000014          0x08000284   Section       12  libinit2.o(.ARM.Collect$$libinit$$00000014)
    .ARM.Collect$$libinit$$00000015          0x08000290   Section        0  libinit2.o(.ARM.Collect$$libinit$$00000015)
    .ARM.Collect$$libinit$$00000017          0x08000290   Section        0  libinit2.o(.ARM.Collect$$libinit$$00000017)
    .ARM.Collect$$libinit$$00000018          0x08000290   Section       10  libinit2.o(.ARM.Collect$$libinit$$00000018)
    .ARM.Collect$$libinit$$00000019          0x0800029a   Section        0  libinit2.o(.ARM.Collect$$libinit$$00000019)
    .ARM.Collect$$libinit$$0000001B          0x0800029a   Section        0  libinit2.o(.ARM.Collect$$libinit$$0000001B)
    .ARM.Collect$$libinit$$0000001D          0x0800029a   Section        0  libinit2.o(.ARM.Collect$$libinit$$0000001D)
    .ARM.Collect$$libinit$$0000001F          0x0800029a   Section        0  libinit2.o(.ARM.Collect$$libinit$$0000001F)
    .ARM.Collect$$libinit$$00000021          0x0800029a   Section        0  libinit2.o(.ARM.Collect$$libinit$$00000021)
    .ARM.Collect$$libinit$$00000023          0x0800029a   Section        0  libinit2.o(.ARM.Collect$$libinit$$00000023)
    .ARM.Collect$$libinit$$00000025          0x0800029a   Section        0  libinit2.o(.ARM.Collect$$libinit$$00000025)
    .ARM.Collect$$libinit$$00000027          0x0800029a   Section        0  libinit2.o(.ARM.Collect$$libinit$$00000027)
    .ARM.Collect$$libinit$$0000002E          0x0800029a   Section        0  libinit2.o(.ARM.Collect$$libinit$$0000002E)
    .ARM.Collect$$libinit$$00000030          0x0800029a   Section        0  libinit2.o(.ARM.Collect$$libinit$$00000030)
    .ARM.Collect$$libinit$$00000032          0x0800029a   Section        0  libinit2.o(.ARM.Collect$$libinit$$00000032)
    .ARM.Collect$$libinit$$00000034          0x0800029a   Section        0  libinit2.o(.ARM.Collect$$libinit$$00000034)
    .ARM.Collect$$libinit$$00000035          0x0800029a   Section        2  libinit2.o(.ARM.Collect$$libinit$$00000035)
    .ARM.Collect$$libshutdown$$00000000      0x0800029c   Section        2  libshutdown.o(.ARM.Collect$$libshutdown$$00000000)
    .ARM.Collect$$libshutdown$$00000002      0x0800029e   Section        0  libshutdown2.o(.ARM.Collect$$libshutdown$$00000002)
    .ARM.Collect$$libshutdown$$00000004      0x0800029e   Section        0  libshutdown2.o(.ARM.Collect$$libshutdown$$00000004)
    .ARM.Collect$$libshutdown$$00000007      0x0800029e   Section        0  libshutdown2.o(.ARM.Collect$$libshutdown$$00000007)
    .ARM.Collect$$libshutdown$$0000000A      0x0800029e   Section        0  libshutdown2.o(.ARM.Collect$$libshutdown$$0000000A)
    .ARM.Collect$$libshutdown$$0000000C      0x0800029e   Section        0  libshutdown2.o(.ARM.Collect$$libshutdown$$0000000C)
    .ARM.Collect$$libshutdown$$0000000F      0x0800029e   Section        0  libshutdown2.o(.ARM.Collect$$libshutdown$$0000000F)
    .ARM.Collect$$libshutdown$$00000010      0x0800029e   Section        2  libshutdown2.o(.ARM.Collect$$libshutdown$$00000010)
    .ARM.Collect$$rtentry$$00000000          0x080002a0   Section        0  __rtentry.o(.ARM.Collect$$rtentry$$00000000)
    .ARM.Collect$$rtentry$$00000002          0x080002a0   Section        0  __rtentry2.o(.ARM.Collect$$rtentry$$00000002)
    .ARM.Collect$$rtentry$$00000004          0x080002a0   Section        6  __rtentry4.o(.ARM.Collect$$rtentry$$00000004)
    .ARM.Collect$$rtentry$$00000009          0x080002a6   Section        0  __rtentry2.o(.ARM.Collect$$rtentry$$00000009)
    .ARM.Collect$$rtentry$$0000000A          0x080002a6   Section        4  __rtentry2.o(.ARM.Collect$$rtentry$$0000000A)
    .ARM.Collect$$rtentry$$0000000C          0x080002aa   Section        0  __rtentry2.o(.ARM.Collect$$rtentry$$0000000C)
    .ARM.Collect$$rtentry$$0000000D          0x080002aa   Section        8  __rtentry2.o(.ARM.Collect$$rtentry$$0000000D)
    .ARM.Collect$$rtexit$$00000000           0x080002b2   Section        2  rtexit.o(.ARM.Collect$$rtexit$$00000000)
    .ARM.Collect$$rtexit$$00000002           0x080002b4   Section        0  rtexit2.o(.ARM.Collect$$rtexit$$00000002)
    .ARM.Collect$$rtexit$$00000003           0x080002b4   Section        4  rtexit2.o(.ARM.Collect$$rtexit$$00000003)
    .ARM.Collect$$rtexit$$00000004           0x080002b8   Section        6  rtexit2.o(.ARM.Collect$$rtexit$$00000004)
    $v0                                      0x080002c0   Number         0  startup_stm32f407xx.o(.text)
    .text                                    0x080002c0   Section       64  startup_stm32f407xx.o(.text)
    .text                                    0x08000300   Section      240  lludivv7m.o(.text)
    .text                                    0x080003f0   Section        0  _printf_pad.o(.text)
    .text                                    0x0800043e   Section        0  _printf_truncate.o(.text)
    .text                                    0x08000462   Section        0  _printf_str.o(.text)
    .text                                    0x080004b4   Section        0  _printf_dec.o(.text)
    .text                                    0x0800052c   Section        0  _printf_wctomb.o(.text)
    .text                                    0x080005e8   Section        0  _printf_oct_int.o(.text)
    .text                                    0x0800063c   Section        0  _printf_hex_int.o(.text)
    .text                                    0x08000694   Section        0  heapauxi.o(.text)
    .text                                    0x0800069a   Section        0  _printf_intcommon.o(.text)
    _fp_digits                               0x0800074d   Thumb Code   432  _printf_fp_dec.o(.text)
    .text                                    0x0800074c   Section        0  _printf_fp_dec.o(.text)
    .text                                    0x08000b68   Section        0  _printf_fp_hex.o(.text)
    .text                                    0x08000e64   Section        0  _printf_char.o(.text)
    .text                                    0x08000e90   Section        0  _printf_wchar.o(.text)
    .text                                    0x08000ebc   Section        0  _c16rtomb.o(.text)
    .text                                    0x08000f04   Section       16  rt_ctype_table.o(.text)
    .text                                    0x08000f14   Section        8  rt_locale_intlibspace.o(.text)
    .text                                    0x08000f1c   Section      138  lludiv10.o(.text)
    .text                                    0x08000fa8   Section        0  _printf_fp_infnan.o(.text)
    .text                                    0x08001028   Section        0  bigflt0.o(.text)
    .text                                    0x0800110c   Section        8  libspace.o(.text)
    .text                                    0x08001114   Section       74  sys_stackheap_outer.o(.text)
    .text                                    0x0800115e   Section        0  exit.o(.text)
    .text                                    0x08001170   Section      124  strcmpv7em.o(.text)
    .text                                    0x080011ec   Section        0  sys_exit.o(.text)
    .text                                    0x080011f8   Section        2  use_no_semi.o(.text)
    .text                                    0x080011fa   Section        0  indicate_semi.o(.text)
    [Anonymous Symbol]                       0x080011fc   Section        0  stm32f4xx_it.o(.text.BusFault_Handler)
    [Anonymous Symbol]                       0x08001200   Section        0  stm32f4xx_it.o(.text.DebugMon_Handler)
    [Anonymous Symbol]                       0x08001204   Section        0  main.o(.text.Error_Handler)
    [Anonymous Symbol]                       0x0800120c   Section        0  stm32f4xx_hal.o(.text.HAL_Delay)
    [Anonymous Symbol]                       0x08001234   Section        0  stm32f4xx_hal_gpio.o(.text.HAL_GPIO_Init)
    [Anonymous Symbol]                       0x080013d4   Section        0  stm32f4xx_hal_gpio.o(.text.HAL_GPIO_WritePin)
    [Anonymous Symbol]                       0x080013e0   Section        0  stm32f4xx_hal.o(.text.HAL_GetTick)
    [Anonymous Symbol]                       0x080013ec   Section        0  stm32f4xx_hal.o(.text.HAL_IncTick)
    [Anonymous Symbol]                       0x08001408   Section        0  stm32f4xx_hal.o(.text.HAL_Init)
    [Anonymous Symbol]                       0x08001440   Section        0  stm32f4xx_hal.o(.text.HAL_InitTick)
    [Anonymous Symbol]                       0x08001488   Section        0  stm32f4xx_hal_msp.o(.text.HAL_MspInit)
    [Anonymous Symbol]                       0x080014c0   Section        0  stm32f4xx_hal_cortex.o(.text.HAL_NVIC_SetPriority)
    [Anonymous Symbol]                       0x08001518   Section        0  stm32f4xx_hal_cortex.o(.text.HAL_NVIC_SetPriorityGrouping)
    [Anonymous Symbol]                       0x08001538   Section        0  stm32f4xx_hal_rcc.o(.text.HAL_RCC_ClockConfig)
    [Anonymous Symbol]                       0x0800169c   Section        0  stm32f4xx_hal_rcc.o(.text.HAL_RCC_GetSysClockFreq)
    [Anonymous Symbol]                       0x08001708   Section        0  stm32f4xx_hal_rcc.o(.text.HAL_RCC_OscConfig)
    [Anonymous Symbol]                       0x08001ab8   Section        0  stm32f4xx_hal_spi.o(.text.HAL_SPI_Init)
    [Anonymous Symbol]                       0x08001b6c   Section        0  spi.o(.text.HAL_SPI_MspInit)
    [Anonymous Symbol]                       0x08001bd8   Section        0  stm32f4xx_hal_cortex.o(.text.HAL_SYSTICK_Config)
    [Anonymous Symbol]                       0x08001c04   Section        0  stm32f4xx_it.o(.text.HardFault_Handler)
    [Anonymous Symbol]                       0x08001c08   Section        0  lcd_spi_169.o(.text.LCD_Clear)
    [Anonymous Symbol]                       0x08001d90   Section        0  lcd_spi_169.o(.text.LCD_DisplayChar)
    [Anonymous Symbol]                       0x080020ac   Section        0  lcd_spi_169.o(.text.LCD_DisplayChinese)
    [Anonymous Symbol]                       0x08002404   Section        0  lcd_spi_169.o(.text.LCD_DisplayText)
    [Anonymous Symbol]                       0x0800245c   Section        0  lcd_spi_169.o(.text.LCD_SetAddress)
    [Anonymous Symbol]                       0x08002710   Section        0  lcd_spi_169.o(.text.LCD_SetBackColor)
    [Anonymous Symbol]                       0x08002734   Section        0  lcd_spi_169.o(.text.LCD_SetColor)
    [Anonymous Symbol]                       0x08002758   Section        0  lcd_spi_169.o(.text.LCD_SetDirection)
    [Anonymous Symbol]                       0x08002a50   Section        0  lcd_spi_169.o(.text.LCD_SetTextFont)
    [Anonymous Symbol]                       0x08002a9c   Section        0  gpio.o(.text.MX_GPIO_Init)
    [Anonymous Symbol]                       0x08002afc   Section        0  spi.o(.text.MX_SPI3_Init)
    [Anonymous Symbol]                       0x08002b54   Section        0  stm32f4xx_it.o(.text.MemManage_Handler)
    [Anonymous Symbol]                       0x08002b58   Section        0  stm32f4xx_it.o(.text.NMI_Handler)
    [Anonymous Symbol]                       0x08002b5c   Section        0  stm32f4xx_it.o(.text.PendSV_Handler)
    [Anonymous Symbol]                       0x08002b60   Section        0  lcd_spi_169.o(.text.SPI_LCD_Init)
    [Anonymous Symbol]                       0x08003afc   Section        0  stm32f4xx_it.o(.text.SVC_Handler)
    [Anonymous Symbol]                       0x08003b00   Section        0  stm32f4xx_it.o(.text.SysTick_Handler)
    [Anonymous Symbol]                       0x08003b04   Section        0  main.o(.text.SystemClock_Config)
    [Anonymous Symbol]                       0x08003bac   Section        0  system_stm32f4xx.o(.text.SystemInit)
    [Anonymous Symbol]                       0x08003bc0   Section        0  stm32f4xx_it.o(.text.UsageFault_Handler)
    [Anonymous Symbol]                       0x08003bc4   Section        0  main.o(.text.main)
    CL$$btod_d2e                             0x08003db8   Section       62  btod.o(CL$$btod_d2e)
    CL$$btod_d2e_denorm_low                  0x08003df6   Section       70  btod.o(CL$$btod_d2e_denorm_low)
    CL$$btod_d2e_norm_op1                    0x08003e3c   Section       96  btod.o(CL$$btod_d2e_norm_op1)
    CL$$btod_div_common                      0x08003e9c   Section      824  btod.o(CL$$btod_div_common)
    CL$$btod_e2e                             0x080041d4   Section      220  btod.o(CL$$btod_e2e)
    CL$$btod_ediv                            0x080042b0   Section       42  btod.o(CL$$btod_ediv)
    CL$$btod_emul                            0x080042da   Section       42  btod.o(CL$$btod_emul)
    CL$$btod_mult_common                     0x08004304   Section      580  btod.o(CL$$btod_mult_common)
    i.__ARM_fpclassify                       0x08004548   Section        0  fpclassify.o(i.__ARM_fpclassify)
    locale$$code                             0x08004578   Section       44  lc_numeric_c.o(locale$$code)
    locale$$code                             0x080045a4   Section       44  lc_ctype_c.o(locale$$code)
    $v0                                      0x080045d0   Number         0  fpinit.o(x$fpl$fpinit)
    x$fpl$fpinit                             0x080045d0   Section       26  fpinit.o(x$fpl$fpinit)
    $v0                                      0x080045ea   Number         0  printf1.o(x$fpl$printf1)
    x$fpl$printf1                            0x080045ea   Section        4  printf1.o(x$fpl$printf1)
    $v0                                      0x080045ee   Number         0  printf2.o(x$fpl$printf2)
    x$fpl$printf2                            0x080045ee   Section        4  printf2.o(x$fpl$printf2)
    x$fpl$usenofp                            0x080045f2   Section        0  usenofp.o(x$fpl$usenofp)
    initial_mbstate                          0x080045f4   Data           8  _printf_wctomb.o(.constdata)
    .constdata                               0x080045f4   Section        8  _printf_wctomb.o(.constdata)
    uc_hextab                                0x080045fc   Data          20  _printf_hex_int.o(.constdata)
    .constdata                               0x080045fc   Section       40  _printf_hex_int.o(.constdata)
    lc_hextab                                0x08004610   Data          20  _printf_hex_int.o(.constdata)
    lc_hextab                                0x08004624   Data          19  _printf_fp_hex.o(.constdata)
    .constdata                               0x08004624   Section       38  _printf_fp_hex.o(.constdata)
    uc_hextab                                0x08004637   Data          19  _printf_fp_hex.o(.constdata)
    tenpwrs_x                                0x0800464c   Data          60  bigflt0.o(.constdata)
    .constdata                               0x0800464c   Section      148  bigflt0.o(.constdata)
    tenpwrs_i                                0x08004688   Data          64  bigflt0.o(.constdata)
    .L.str.1                                 0x08009c04   Data          19  main.o(.rodata.str1.1)
    [Anonymous Symbol]                       0x08009c04   Section        0  main.o(.rodata.str1.1)
    .L.str.2                                 0x08009c17   Data          14  main.o(.rodata.str1.1)
    .L.str                                   0x08009c25   Data          15  main.o(.rodata.str1.1)
    locale$$data                             0x08009c54   Section       28  lc_numeric_c.o(locale$$data)
    __lcnum_c_name                           0x08009c58   Data           2  lc_numeric_c.o(locale$$data)
    __lcnum_c_start                          0x08009c60   Data           0  lc_numeric_c.o(locale$$data)
    __lcnum_c_point                          0x08009c6c   Data           0  lc_numeric_c.o(locale$$data)
    __lcnum_c_thousands                      0x08009c6e   Data           0  lc_numeric_c.o(locale$$data)
    __lcnum_c_grouping                       0x08009c6f   Data           0  lc_numeric_c.o(locale$$data)
    __lcnum_c_end                            0x08009c70   Data           0  lc_numeric_c.o(locale$$data)
    locale$$data                             0x08009c70   Section      272  lc_ctype_c.o(locale$$data)
    __lcctype_c_name                         0x08009c74   Data           2  lc_ctype_c.o(locale$$data)
    __lcctype_c_start                        0x08009c7c   Data           0  lc_ctype_c.o(locale$$data)
    __lcctype_c_end                          0x08009d80   Data           0  lc_ctype_c.o(locale$$data)
    .L_MergedGlobals                         0x20000000   Data           8  stm32f4xx_hal.o(.data..L_MergedGlobals)
    [Anonymous Symbol]                       0x20000000   Section        0  stm32f4xx_hal.o(.data..L_MergedGlobals)
    .bss                                     0x20000058   Section       96  libspace.o(.bss)
    .L_MergedGlobals                         0x200000b8   Data          24  lcd_spi_169.o(.bss..L_MergedGlobals)
    LCD_AsciiFonts                           0x200000b8   Data           4  lcd_spi_169.o(.bss..L_MergedGlobals)
    [Anonymous Symbol]                       0x200000b8   Section        0  lcd_spi_169.o(.bss..L_MergedGlobals)
    LCD_CHFonts                              0x200000bc   Data           4  lcd_spi_169.o(.bss..L_MergedGlobals)
    Heap_Mem                                 0x20000930   Data         512  startup_stm32f407xx.o(HEAP)
    HEAP                                     0x20000930   Section      512  startup_stm32f407xx.o(HEAP)
    Stack_Mem                                0x20000b30   Data        1024  startup_stm32f407xx.o(STACK)
    STACK                                    0x20000b30   Section     1024  startup_stm32f407xx.o(STACK)
    __initial_sp                             0x20000f30   Data           0  startup_stm32f407xx.o(STACK)

    Global Symbols

    Symbol Name                              Value     Ov Type        Size  Object(Section)

    BuildAttributes$$THM_ISAv4$E$P$D$K$B$S$7EM$VFPi3$EXTD16$VFPS$VFMA$PE$A:L22UL41UL21$X:L11$S22US41US21$IEEE1$IW$~IW$USESV6$~STKCKD$USESV7$~SHL$OTIME$ROPI$IEEEJ$EBA8$UX$STANDARDLIB$REQ8$PRES8$EABIv2 0x00000000   Number         0  anon$$obj.o ABSOLUTE
    _printf_flags                            0x00000000   Number         0  printf_stubs.o ABSOLUTE
    _printf_return_value                     0x00000000   Number         0  printf_stubs.o ABSOLUTE
    _printf_sizespec                         0x00000000   Number         0  printf_stubs.o ABSOLUTE
    _printf_widthprec                        0x00000000   Number         0  printf_stubs.o ABSOLUTE
    __ARM_exceptions_init                     - Undefined Weak Reference
    __alloca_initialize                       - Undefined Weak Reference
    __arm_preinit_                            - Undefined Weak Reference
    __arm_relocate_pie_                       - Undefined Weak Reference
    __cpp_initialize__aeabi_                  - Undefined Weak Reference
    __cxa_finalize                            - Undefined Weak Reference
    __sigvec_lookup                           - Undefined Weak Reference
    _atexit_init                              - Undefined Weak Reference
    _call_atexit_fns                          - Undefined Weak Reference
    _clock_init                               - Undefined Weak Reference
    _fp_trap_init                             - Undefined Weak Reference
    _fp_trap_shutdown                         - Undefined Weak Reference
    _get_lc_collate                           - Undefined Weak Reference
    _get_lc_monetary                          - Undefined Weak Reference
    _get_lc_time                              - Undefined Weak Reference
    _getenv_init                              - Undefined Weak Reference
    _handle_redirection                       - Undefined Weak Reference
    _init_alloc                               - Undefined Weak Reference
    _init_user_alloc                          - Undefined Weak Reference
    _initio                                   - Undefined Weak Reference
    _printf_mbtowc                            - Undefined Weak Reference
    _printf_wc                                - Undefined Weak Reference
    _rand_init                                - Undefined Weak Reference
    _signal_finish                            - Undefined Weak Reference
    _signal_init                              - Undefined Weak Reference
    _terminate_alloc                          - Undefined Weak Reference
    _terminate_user_alloc                     - Undefined Weak Reference
    _terminateio                              - Undefined Weak Reference
    __Vectors_Size                           0x00000188   Number         0  startup_stm32f407xx.o ABSOLUTE
    __Vectors                                0x08000000   Data           4  startup_stm32f407xx.o(RESET)
    __Vectors_End                            0x08000188   Data           0  startup_stm32f407xx.o(RESET)
    __main                                   0x08000189   Thumb Code     8  __main.o(!!!main)
    __scatterload                            0x08000191   Thumb Code     0  __scatter.o(!!!scatter)
    __scatterload_rt2                        0x08000191   Thumb Code    84  __scatter.o(!!!scatter)
    __scatterload_rt2_thumb_only             0x08000191   Thumb Code     0  __scatter.o(!!!scatter)
    __scatterload_loop                       0x0800019b   Thumb Code     0  __scatter.o(!!!scatter)
    __scatterload_copy                       0x080001ed   Thumb Code    26  __scatter_copy.o(!!handler_copy)
    __scatterload_null                       0x08000209   Thumb Code     2  __scatter.o(!!handler_null)
    __scatterload_zeroinit                   0x0800020d   Thumb Code    28  __scatter_zi.o(!!handler_zi)
    _printf_f                                0x08000229   Thumb Code     0  _printf_f.o(.ARM.Collect$$_printf_percent$$00000003)
    _printf_percent                          0x08000229   Thumb Code     0  _printf_percent.o(.ARM.Collect$$_printf_percent$$00000000)
    _printf_e                                0x0800022f   Thumb Code     0  _printf_e.o(.ARM.Collect$$_printf_percent$$00000004)
    _printf_g                                0x08000235   Thumb Code     0  _printf_g.o(.ARM.Collect$$_printf_percent$$00000005)
    _printf_a                                0x0800023b   Thumb Code     0  _printf_a.o(.ARM.Collect$$_printf_percent$$00000006)
    _printf_i                                0x08000241   Thumb Code     0  _printf_i.o(.ARM.Collect$$_printf_percent$$00000008)
    _printf_d                                0x08000247   Thumb Code     0  _printf_d.o(.ARM.Collect$$_printf_percent$$00000009)
    _printf_u                                0x0800024d   Thumb Code     0  _printf_u.o(.ARM.Collect$$_printf_percent$$0000000A)
    _printf_o                                0x08000253   Thumb Code     0  _printf_o.o(.ARM.Collect$$_printf_percent$$0000000B)
    _printf_x                                0x08000259   Thumb Code     0  _printf_x.o(.ARM.Collect$$_printf_percent$$0000000C)
    _printf_l                                0x0800025f   Thumb Code     0  _printf_l.o(.ARM.Collect$$_printf_percent$$00000012)
    _printf_c                                0x08000269   Thumb Code     0  _printf_c.o(.ARM.Collect$$_printf_percent$$00000013)
    _printf_lc                               0x0800026f   Thumb Code     0  _printf_lc.o(.ARM.Collect$$_printf_percent$$00000015)
    _printf_percent_end                      0x08000275   Thumb Code     0  _printf_percent_end.o(.ARM.Collect$$_printf_percent$$00000017)
    __rt_lib_init                            0x08000279   Thumb Code     0  libinit.o(.ARM.Collect$$libinit$$00000000)
    __rt_lib_init_fp_1                       0x0800027b   Thumb Code     0  libinit2.o(.ARM.Collect$$libinit$$00000001)
    __rt_lib_init_heap_1                     0x0800027f   Thumb Code     0  libinit2.o(.ARM.Collect$$libinit$$0000000C)
    __rt_lib_init_lc_common                  0x0800027f   Thumb Code     0  libinit2.o(.ARM.Collect$$libinit$$00000011)
    __rt_lib_init_preinit_1                  0x0800027f   Thumb Code     0  libinit2.o(.ARM.Collect$$libinit$$00000006)
    __rt_lib_init_rand_1                     0x0800027f   Thumb Code     0  libinit2.o(.ARM.Collect$$libinit$$00000010)
    __rt_lib_init_relocate_pie_1             0x0800027f   Thumb Code     0  libinit2.o(.ARM.Collect$$libinit$$00000004)
    __rt_lib_init_user_alloc_1               0x0800027f   Thumb Code     0  libinit2.o(.ARM.Collect$$libinit$$0000000E)
    __rt_lib_init_lc_collate_1               0x08000285   Thumb Code     0  libinit2.o(.ARM.Collect$$libinit$$00000013)
    __rt_lib_init_lc_ctype_2                 0x08000285   Thumb Code     0  libinit2.o(.ARM.Collect$$libinit$$00000014)
    __rt_lib_init_lc_ctype_1                 0x08000291   Thumb Code     0  libinit2.o(.ARM.Collect$$libinit$$00000015)
    __rt_lib_init_lc_monetary_1              0x08000291   Thumb Code     0  libinit2.o(.ARM.Collect$$libinit$$00000017)
    __rt_lib_init_lc_numeric_2               0x08000291   Thumb Code     0  libinit2.o(.ARM.Collect$$libinit$$00000018)
    __rt_lib_init_alloca_1                   0x0800029b   Thumb Code     0  libinit2.o(.ARM.Collect$$libinit$$00000030)
    __rt_lib_init_argv_1                     0x0800029b   Thumb Code     0  libinit2.o(.ARM.Collect$$libinit$$0000002E)
    __rt_lib_init_atexit_1                   0x0800029b   Thumb Code     0  libinit2.o(.ARM.Collect$$libinit$$0000001D)
    __rt_lib_init_clock_1                    0x0800029b   Thumb Code     0  libinit2.o(.ARM.Collect$$libinit$$00000023)
    __rt_lib_init_cpp_1                      0x0800029b   Thumb Code     0  libinit2.o(.ARM.Collect$$libinit$$00000034)
    __rt_lib_init_exceptions_1               0x0800029b   Thumb Code     0  libinit2.o(.ARM.Collect$$libinit$$00000032)
    __rt_lib_init_fp_trap_1                  0x0800029b   Thumb Code     0  libinit2.o(.ARM.Collect$$libinit$$00000021)
    __rt_lib_init_getenv_1                   0x0800029b   Thumb Code     0  libinit2.o(.ARM.Collect$$libinit$$00000025)
    __rt_lib_init_lc_numeric_1               0x0800029b   Thumb Code     0  libinit2.o(.ARM.Collect$$libinit$$00000019)
    __rt_lib_init_lc_time_1                  0x0800029b   Thumb Code     0  libinit2.o(.ARM.Collect$$libinit$$0000001B)
    __rt_lib_init_return                     0x0800029b   Thumb Code     0  libinit2.o(.ARM.Collect$$libinit$$00000035)
    __rt_lib_init_signal_1                   0x0800029b   Thumb Code     0  libinit2.o(.ARM.Collect$$libinit$$0000001F)
    __rt_lib_init_stdio_1                    0x0800029b   Thumb Code     0  libinit2.o(.ARM.Collect$$libinit$$00000027)
    __rt_lib_shutdown                        0x0800029d   Thumb Code     0  libshutdown.o(.ARM.Collect$$libshutdown$$00000000)
    __rt_lib_shutdown_cpp_1                  0x0800029f   Thumb Code     0  libshutdown2.o(.ARM.Collect$$libshutdown$$00000002)
    __rt_lib_shutdown_fp_trap_1              0x0800029f   Thumb Code     0  libshutdown2.o(.ARM.Collect$$libshutdown$$00000007)
    __rt_lib_shutdown_heap_1                 0x0800029f   Thumb Code     0  libshutdown2.o(.ARM.Collect$$libshutdown$$0000000F)
    __rt_lib_shutdown_return                 0x0800029f   Thumb Code     0  libshutdown2.o(.ARM.Collect$$libshutdown$$00000010)
    __rt_lib_shutdown_signal_1               0x0800029f   Thumb Code     0  libshutdown2.o(.ARM.Collect$$libshutdown$$0000000A)
    __rt_lib_shutdown_stdio_1                0x0800029f   Thumb Code     0  libshutdown2.o(.ARM.Collect$$libshutdown$$00000004)
    __rt_lib_shutdown_user_alloc_1           0x0800029f   Thumb Code     0  libshutdown2.o(.ARM.Collect$$libshutdown$$0000000C)
    __rt_entry                               0x080002a1   Thumb Code     0  __rtentry.o(.ARM.Collect$$rtentry$$00000000)
    __rt_entry_presh_1                       0x080002a1   Thumb Code     0  __rtentry2.o(.ARM.Collect$$rtentry$$00000002)
    __rt_entry_sh                            0x080002a1   Thumb Code     0  __rtentry4.o(.ARM.Collect$$rtentry$$00000004)
    __rt_entry_li                            0x080002a7   Thumb Code     0  __rtentry2.o(.ARM.Collect$$rtentry$$0000000A)
    __rt_entry_postsh_1                      0x080002a7   Thumb Code     0  __rtentry2.o(.ARM.Collect$$rtentry$$00000009)
    __rt_entry_main                          0x080002ab   Thumb Code     0  __rtentry2.o(.ARM.Collect$$rtentry$$0000000D)
    __rt_entry_postli_1                      0x080002ab   Thumb Code     0  __rtentry2.o(.ARM.Collect$$rtentry$$0000000C)
    __rt_exit                                0x080002b3   Thumb Code     0  rtexit.o(.ARM.Collect$$rtexit$$00000000)
    __rt_exit_ls                             0x080002b5   Thumb Code     0  rtexit2.o(.ARM.Collect$$rtexit$$00000003)
    __rt_exit_prels_1                        0x080002b5   Thumb Code     0  rtexit2.o(.ARM.Collect$$rtexit$$00000002)
    __rt_exit_exit                           0x080002b9   Thumb Code     0  rtexit2.o(.ARM.Collect$$rtexit$$00000004)
    Reset_Handler                            0x080002c1   Thumb Code     8  startup_stm32f407xx.o(.text)
    ADC_IRQHandler                           0x080002db   Thumb Code     0  startup_stm32f407xx.o(.text)
    CAN1_RX0_IRQHandler                      0x080002db   Thumb Code     0  startup_stm32f407xx.o(.text)
    CAN1_RX1_IRQHandler                      0x080002db   Thumb Code     0  startup_stm32f407xx.o(.text)
    CAN1_SCE_IRQHandler                      0x080002db   Thumb Code     0  startup_stm32f407xx.o(.text)
    CAN1_TX_IRQHandler                       0x080002db   Thumb Code     0  startup_stm32f407xx.o(.text)
    CAN2_RX0_IRQHandler                      0x080002db   Thumb Code     0  startup_stm32f407xx.o(.text)
    CAN2_RX1_IRQHandler                      0x080002db   Thumb Code     0  startup_stm32f407xx.o(.text)
    CAN2_SCE_IRQHandler                      0x080002db   Thumb Code     0  startup_stm32f407xx.o(.text)
    CAN2_TX_IRQHandler                       0x080002db   Thumb Code     0  startup_stm32f407xx.o(.text)
    DCMI_IRQHandler                          0x080002db   Thumb Code     0  startup_stm32f407xx.o(.text)
    DMA1_Stream0_IRQHandler                  0x080002db   Thumb Code     0  startup_stm32f407xx.o(.text)
    DMA1_Stream1_IRQHandler                  0x080002db   Thumb Code     0  startup_stm32f407xx.o(.text)
    DMA1_Stream2_IRQHandler                  0x080002db   Thumb Code     0  startup_stm32f407xx.o(.text)
    DMA1_Stream3_IRQHandler                  0x080002db   Thumb Code     0  startup_stm32f407xx.o(.text)
    DMA1_Stream4_IRQHandler                  0x080002db   Thumb Code     0  startup_stm32f407xx.o(.text)
    DMA1_Stream5_IRQHandler                  0x080002db   Thumb Code     0  startup_stm32f407xx.o(.text)
    DMA1_Stream6_IRQHandler                  0x080002db   Thumb Code     0  startup_stm32f407xx.o(.text)
    DMA1_Stream7_IRQHandler                  0x080002db   Thumb Code     0  startup_stm32f407xx.o(.text)
    DMA2_Stream0_IRQHandler                  0x080002db   Thumb Code     0  startup_stm32f407xx.o(.text)
    DMA2_Stream1_IRQHandler                  0x080002db   Thumb Code     0  startup_stm32f407xx.o(.text)
    DMA2_Stream2_IRQHandler                  0x080002db   Thumb Code     0  startup_stm32f407xx.o(.text)
    DMA2_Stream3_IRQHandler                  0x080002db   Thumb Code     0  startup_stm32f407xx.o(.text)
    DMA2_Stream4_IRQHandler                  0x080002db   Thumb Code     0  startup_stm32f407xx.o(.text)
    DMA2_Stream5_IRQHandler                  0x080002db   Thumb Code     0  startup_stm32f407xx.o(.text)
    DMA2_Stream6_IRQHandler                  0x080002db   Thumb Code     0  startup_stm32f407xx.o(.text)
    DMA2_Stream7_IRQHandler                  0x080002db   Thumb Code     0  startup_stm32f407xx.o(.text)
    ETH_IRQHandler                           0x080002db   Thumb Code     0  startup_stm32f407xx.o(.text)
    ETH_WKUP_IRQHandler                      0x080002db   Thumb Code     0  startup_stm32f407xx.o(.text)
    EXTI0_IRQHandler                         0x080002db   Thumb Code     0  startup_stm32f407xx.o(.text)
    EXTI15_10_IRQHandler                     0x080002db   Thumb Code     0  startup_stm32f407xx.o(.text)
    EXTI1_IRQHandler                         0x080002db   Thumb Code     0  startup_stm32f407xx.o(.text)
    EXTI2_IRQHandler                         0x080002db   Thumb Code     0  startup_stm32f407xx.o(.text)
    EXTI3_IRQHandler                         0x080002db   Thumb Code     0  startup_stm32f407xx.o(.text)
    EXTI4_IRQHandler                         0x080002db   Thumb Code     0  startup_stm32f407xx.o(.text)
    EXTI9_5_IRQHandler                       0x080002db   Thumb Code     0  startup_stm32f407xx.o(.text)
    FLASH_IRQHandler                         0x080002db   Thumb Code     0  startup_stm32f407xx.o(.text)
    FMC_IRQHandler                           0x080002db   Thumb Code     0  startup_stm32f407xx.o(.text)
    FPU_IRQHandler                           0x080002db   Thumb Code     0  startup_stm32f407xx.o(.text)
    HASH_RNG_IRQHandler                      0x080002db   Thumb Code     0  startup_stm32f407xx.o(.text)
    I2C1_ER_IRQHandler                       0x080002db   Thumb Code     0  startup_stm32f407xx.o(.text)
    I2C1_EV_IRQHandler                       0x080002db   Thumb Code     0  startup_stm32f407xx.o(.text)
    I2C2_ER_IRQHandler                       0x080002db   Thumb Code     0  startup_stm32f407xx.o(.text)
    I2C2_EV_IRQHandler                       0x080002db   Thumb Code     0  startup_stm32f407xx.o(.text)
    I2C3_ER_IRQHandler                       0x080002db   Thumb Code     0  startup_stm32f407xx.o(.text)
    I2C3_EV_IRQHandler                       0x080002db   Thumb Code     0  startup_stm32f407xx.o(.text)
    OTG_FS_IRQHandler                        0x080002db   Thumb Code     0  startup_stm32f407xx.o(.text)
    OTG_FS_WKUP_IRQHandler                   0x080002db   Thumb Code     0  startup_stm32f407xx.o(.text)
    OTG_HS_EP1_IN_IRQHandler                 0x080002db   Thumb Code     0  startup_stm32f407xx.o(.text)
    OTG_HS_EP1_OUT_IRQHandler                0x080002db   Thumb Code     0  startup_stm32f407xx.o(.text)
    OTG_HS_IRQHandler                        0x080002db   Thumb Code     0  startup_stm32f407xx.o(.text)
    OTG_HS_WKUP_IRQHandler                   0x080002db   Thumb Code     0  startup_stm32f407xx.o(.text)
    PVD_IRQHandler                           0x080002db   Thumb Code     0  startup_stm32f407xx.o(.text)
    RCC_IRQHandler                           0x080002db   Thumb Code     0  startup_stm32f407xx.o(.text)
    RTC_Alarm_IRQHandler                     0x080002db   Thumb Code     0  startup_stm32f407xx.o(.text)
    RTC_WKUP_IRQHandler                      0x080002db   Thumb Code     0  startup_stm32f407xx.o(.text)
    SDIO_IRQHandler                          0x080002db   Thumb Code     0  startup_stm32f407xx.o(.text)
    SPI1_IRQHandler                          0x080002db   Thumb Code     0  startup_stm32f407xx.o(.text)
    SPI2_IRQHandler                          0x080002db   Thumb Code     0  startup_stm32f407xx.o(.text)
    SPI3_IRQHandler                          0x080002db   Thumb Code     0  startup_stm32f407xx.o(.text)
    TAMP_STAMP_IRQHandler                    0x080002db   Thumb Code     0  startup_stm32f407xx.o(.text)
    TIM1_BRK_TIM9_IRQHandler                 0x080002db   Thumb Code     0  startup_stm32f407xx.o(.text)
    TIM1_CC_IRQHandler                       0x080002db   Thumb Code     0  startup_stm32f407xx.o(.text)
    TIM1_TRG_COM_TIM11_IRQHandler            0x080002db   Thumb Code     0  startup_stm32f407xx.o(.text)
    TIM1_UP_TIM10_IRQHandler                 0x080002db   Thumb Code     0  startup_stm32f407xx.o(.text)
    TIM2_IRQHandler                          0x080002db   Thumb Code     0  startup_stm32f407xx.o(.text)
    TIM3_IRQHandler                          0x080002db   Thumb Code     0  startup_stm32f407xx.o(.text)
    TIM4_IRQHandler                          0x080002db   Thumb Code     0  startup_stm32f407xx.o(.text)
    TIM5_IRQHandler                          0x080002db   Thumb Code     0  startup_stm32f407xx.o(.text)
    TIM6_DAC_IRQHandler                      0x080002db   Thumb Code     0  startup_stm32f407xx.o(.text)
    TIM7_IRQHandler                          0x080002db   Thumb Code     0  startup_stm32f407xx.o(.text)
    TIM8_BRK_TIM12_IRQHandler                0x080002db   Thumb Code     0  startup_stm32f407xx.o(.text)
    TIM8_CC_IRQHandler                       0x080002db   Thumb Code     0  startup_stm32f407xx.o(.text)
    TIM8_TRG_COM_TIM14_IRQHandler            0x080002db   Thumb Code     0  startup_stm32f407xx.o(.text)
    TIM8_UP_TIM13_IRQHandler                 0x080002db   Thumb Code     0  startup_stm32f407xx.o(.text)
    UART4_IRQHandler                         0x080002db   Thumb Code     0  startup_stm32f407xx.o(.text)
    UART5_IRQHandler                         0x080002db   Thumb Code     0  startup_stm32f407xx.o(.text)
    USART1_IRQHandler                        0x080002db   Thumb Code     0  startup_stm32f407xx.o(.text)
    USART2_IRQHandler                        0x080002db   Thumb Code     0  startup_stm32f407xx.o(.text)
    USART3_IRQHandler                        0x080002db   Thumb Code     0  startup_stm32f407xx.o(.text)
    USART6_IRQHandler                        0x080002db   Thumb Code     0  startup_stm32f407xx.o(.text)
    WWDG_IRQHandler                          0x080002db   Thumb Code     0  startup_stm32f407xx.o(.text)
    __user_initial_stackheap                 0x080002dd   Thumb Code     0  startup_stm32f407xx.o(.text)
    __aeabi_uldivmod                         0x08000301   Thumb Code     0  lludivv7m.o(.text)
    _ll_udiv                                 0x08000301   Thumb Code   240  lludivv7m.o(.text)
    _printf_pre_padding                      0x080003f1   Thumb Code    44  _printf_pad.o(.text)
    _printf_post_padding                     0x0800041d   Thumb Code    34  _printf_pad.o(.text)
    _printf_truncate_signed                  0x0800043f   Thumb Code    18  _printf_truncate.o(.text)
    _printf_truncate_unsigned                0x08000451   Thumb Code    18  _printf_truncate.o(.text)
    _printf_str                              0x08000463   Thumb Code    82  _printf_str.o(.text)
    _printf_int_dec                          0x080004b5   Thumb Code   104  _printf_dec.o(.text)
    _printf_wctomb                           0x0800052d   Thumb Code   182  _printf_wctomb.o(.text)
    _printf_int_oct                          0x080005e9   Thumb Code    74  _printf_oct_int.o(.text)
    _printf_longlong_oct                     0x080005e9   Thumb Code     0  _printf_oct_int.o(.text)
    _printf_int_hex                          0x0800063d   Thumb Code    84  _printf_hex_int.o(.text)
    _printf_longlong_hex                     0x0800063d   Thumb Code     0  _printf_hex_int.o(.text)
    __use_two_region_memory                  0x08000695   Thumb Code     2  heapauxi.o(.text)
    __rt_heap_escrow$2region                 0x08000697   Thumb Code     2  heapauxi.o(.text)
    __rt_heap_expand$2region                 0x08000699   Thumb Code     2  heapauxi.o(.text)
    _printf_int_common                       0x0800069b   Thumb Code   178  _printf_intcommon.o(.text)
    _printf_fp_dec_real                      0x080008fd   Thumb Code   620  _printf_fp_dec.o(.text)
    _printf_fp_hex_real                      0x08000b69   Thumb Code   756  _printf_fp_hex.o(.text)
    _printf_cs_common                        0x08000e65   Thumb Code    20  _printf_char.o(.text)
    _printf_char                             0x08000e79   Thumb Code    16  _printf_char.o(.text)
    _printf_string                           0x08000e89   Thumb Code     8  _printf_char.o(.text)
    _printf_lcs_common                       0x08000e91   Thumb Code    20  _printf_wchar.o(.text)
    _printf_wchar                            0x08000ea5   Thumb Code    16  _printf_wchar.o(.text)
    _printf_wstring                          0x08000eb5   Thumb Code     8  _printf_wchar.o(.text)
    _c16rtomb                                0x08000ebd   Thumb Code    72  _c16rtomb.o(.text)
    _wcrtomb                                 0x08000ebd   Thumb Code     0  _c16rtomb.o(.text)
    __rt_ctype_table                         0x08000f05   Thumb Code    16  rt_ctype_table.o(.text)
    __rt_locale                              0x08000f15   Thumb Code     8  rt_locale_intlibspace.o(.text)
    _ll_udiv10                               0x08000f1d   Thumb Code   138  lludiv10.o(.text)
    _printf_fp_infnan                        0x08000fa9   Thumb Code   112  _printf_fp_infnan.o(.text)
    _btod_etento                             0x08001029   Thumb Code   224  bigflt0.o(.text)
    __user_libspace                          0x0800110d   Thumb Code     8  libspace.o(.text)
    __user_perproc_libspace                  0x0800110d   Thumb Code     0  libspace.o(.text)
    __user_perthread_libspace                0x0800110d   Thumb Code     0  libspace.o(.text)
    __user_setup_stackheap                   0x08001115   Thumb Code    74  sys_stackheap_outer.o(.text)
    exit                                     0x0800115f   Thumb Code    18  exit.o(.text)
    strcmp                                   0x08001171   Thumb Code   124  strcmpv7em.o(.text)
    _sys_exit                                0x080011ed   Thumb Code     8  sys_exit.o(.text)
    __I$use$semihosting                      0x080011f9   Thumb Code     0  use_no_semi.o(.text)
    __use_no_semihosting_swi                 0x080011f9   Thumb Code     2  use_no_semi.o(.text)
    __semihosting_library_function           0x080011fb   Thumb Code     0  indicate_semi.o(.text)
    BusFault_Handler                         0x080011fd   Thumb Code     2  stm32f4xx_it.o(.text.BusFault_Handler)
    DebugMon_Handler                         0x08001201   Thumb Code     2  stm32f4xx_it.o(.text.DebugMon_Handler)
    Error_Handler                            0x08001205   Thumb Code     6  main.o(.text.Error_Handler)
    HAL_Delay                                0x0800120d   Thumb Code    40  stm32f4xx_hal.o(.text.HAL_Delay)
    HAL_GPIO_Init                            0x08001235   Thumb Code   414  stm32f4xx_hal_gpio.o(.text.HAL_GPIO_Init)
    HAL_GPIO_WritePin                        0x080013d5   Thumb Code    10  stm32f4xx_hal_gpio.o(.text.HAL_GPIO_WritePin)
    HAL_GetTick                              0x080013e1   Thumb Code    12  stm32f4xx_hal.o(.text.HAL_GetTick)
    HAL_IncTick                              0x080013ed   Thumb Code    26  stm32f4xx_hal.o(.text.HAL_IncTick)
    HAL_Init                                 0x08001409   Thumb Code    54  stm32f4xx_hal.o(.text.HAL_Init)
    HAL_InitTick                             0x08001441   Thumb Code    72  stm32f4xx_hal.o(.text.HAL_InitTick)
    HAL_MspInit                              0x08001489   Thumb Code    56  stm32f4xx_hal_msp.o(.text.HAL_MspInit)
    HAL_NVIC_SetPriority                     0x080014c1   Thumb Code    86  stm32f4xx_hal_cortex.o(.text.HAL_NVIC_SetPriority)
    HAL_NVIC_SetPriorityGrouping             0x08001519   Thumb Code    32  stm32f4xx_hal_cortex.o(.text.HAL_NVIC_SetPriorityGrouping)
    HAL_RCC_ClockConfig                      0x08001539   Thumb Code   356  stm32f4xx_hal_rcc.o(.text.HAL_RCC_ClockConfig)
    HAL_RCC_GetSysClockFreq                  0x0800169d   Thumb Code   108  stm32f4xx_hal_rcc.o(.text.HAL_RCC_GetSysClockFreq)
    HAL_RCC_OscConfig                        0x08001709   Thumb Code   944  stm32f4xx_hal_rcc.o(.text.HAL_RCC_OscConfig)
    HAL_SPI_Init                             0x08001ab9   Thumb Code   180  stm32f4xx_hal_spi.o(.text.HAL_SPI_Init)
    HAL_SPI_MspInit                          0x08001b6d   Thumb Code   106  spi.o(.text.HAL_SPI_MspInit)
    HAL_SYSTICK_Config                       0x08001bd9   Thumb Code    44  stm32f4xx_hal_cortex.o(.text.HAL_SYSTICK_Config)
    HardFault_Handler                        0x08001c05   Thumb Code     2  stm32f4xx_it.o(.text.HardFault_Handler)
    LCD_Clear                                0x08001c09   Thumb Code   392  lcd_spi_169.o(.text.LCD_Clear)
    LCD_DisplayChar                          0x08001d91   Thumb Code   796  lcd_spi_169.o(.text.LCD_DisplayChar)
    LCD_DisplayChinese                       0x080020ad   Thumb Code   856  lcd_spi_169.o(.text.LCD_DisplayChinese)
    LCD_DisplayText                          0x08002405   Thumb Code    88  lcd_spi_169.o(.text.LCD_DisplayText)
    LCD_SetAddress                           0x0800245d   Thumb Code   692  lcd_spi_169.o(.text.LCD_SetAddress)
    LCD_SetBackColor                         0x08002711   Thumb Code    36  lcd_spi_169.o(.text.LCD_SetBackColor)
    LCD_SetColor                             0x08002735   Thumb Code    36  lcd_spi_169.o(.text.LCD_SetColor)
    LCD_SetDirection                         0x08002759   Thumb Code   758  lcd_spi_169.o(.text.LCD_SetDirection)
    LCD_SetTextFont                          0x08002a51   Thumb Code    52  lcd_spi_169.o(.text.LCD_SetTextFont)
    MX_GPIO_Init                             0x08002a9d   Thumb Code    96  gpio.o(.text.MX_GPIO_Init)
    MX_SPI3_Init                             0x08002afd   Thumb Code    88  spi.o(.text.MX_SPI3_Init)
    MemManage_Handler                        0x08002b55   Thumb Code     2  stm32f4xx_it.o(.text.MemManage_Handler)
    NMI_Handler                              0x08002b59   Thumb Code     2  stm32f4xx_it.o(.text.NMI_Handler)
    PendSV_Handler                           0x08002b5d   Thumb Code     2  stm32f4xx_it.o(.text.PendSV_Handler)
    SPI_LCD_Init                             0x08002b61   Thumb Code  3994  lcd_spi_169.o(.text.SPI_LCD_Init)
    SVC_Handler                              0x08003afd   Thumb Code     2  stm32f4xx_it.o(.text.SVC_Handler)
    SysTick_Handler                          0x08003b01   Thumb Code     4  stm32f4xx_it.o(.text.SysTick_Handler)
    SystemClock_Config                       0x08003b05   Thumb Code   168  main.o(.text.SystemClock_Config)
    SystemInit                               0x08003bad   Thumb Code    18  system_stm32f4xx.o(.text.SystemInit)
    UsageFault_Handler                       0x08003bc1   Thumb Code     2  stm32f4xx_it.o(.text.UsageFault_Handler)
    main                                     0x08003bc5   Thumb Code   500  main.o(.text.main)
    _btod_d2e                                0x08003db9   Thumb Code    62  btod.o(CL$$btod_d2e)
    _d2e_denorm_low                          0x08003df7   Thumb Code    70  btod.o(CL$$btod_d2e_denorm_low)
    _d2e_norm_op1                            0x08003e3d   Thumb Code    96  btod.o(CL$$btod_d2e_norm_op1)
    __btod_div_common                        0x08003e9d   Thumb Code   696  btod.o(CL$$btod_div_common)
    _e2e                                     0x080041d5   Thumb Code   220  btod.o(CL$$btod_e2e)
    _btod_ediv                               0x080042b1   Thumb Code    42  btod.o(CL$$btod_ediv)
    _btod_emul                               0x080042db   Thumb Code    42  btod.o(CL$$btod_emul)
    __btod_mult_common                       0x08004305   Thumb Code   580  btod.o(CL$$btod_mult_common)
    __ARM_fpclassify                         0x08004549   Thumb Code    48  fpclassify.o(i.__ARM_fpclassify)
    _get_lc_numeric                          0x08004579   Thumb Code    44  lc_numeric_c.o(locale$$code)
    _get_lc_ctype                            0x080045a5   Thumb Code    44  lc_ctype_c.o(locale$$code)
    _fp_init                                 0x080045d1   Thumb Code    26  fpinit.o(x$fpl$fpinit)
    __fplib_config_fpu_vfp                   0x080045e9   Thumb Code     0  fpinit.o(x$fpl$fpinit)
    __fplib_config_pureend_doubles           0x080045e9   Thumb Code     0  fpinit.o(x$fpl$fpinit)
    _printf_fp_dec                           0x080045eb   Thumb Code     4  printf1.o(x$fpl$printf1)
    _printf_fp_hex                           0x080045ef   Thumb Code     4  printf2.o(x$fpl$printf2)
    __I$use$fp                               0x080045f2   Number         0  usenofp.o(x$fpl$usenofp)
    AHBPrescTable                            0x080046e0   Data          16  system_stm32f4xx.o(.rodata.AHBPrescTable)
    ASCII_1206_Table                         0x080046f0   Data        1140  lcd_fonts.o(.rodata.ASCII_1206_Table)
    ASCII_1608_Table                         0x08004b64   Data        1520  lcd_fonts.o(.rodata.ASCII_1608_Table)
    ASCII_2010_Table                         0x08005154   Data        3800  lcd_fonts.o(.rodata.ASCII_2010_Table)
    ASCII_2412_Table                         0x0800602c   Data        4560  lcd_fonts.o(.rodata.ASCII_2412_Table)
    ASCII_3216_Table                         0x080071fc   Data        6080  lcd_fonts.o(.rodata.ASCII_3216_Table)
    Chinese_2424                             0x080089bc   Data        4680  lcd_fonts.o(.rodata.Chinese_2424)
    Region$$Table$$Base                      0x08009c34   Number         0  anon$$obj.o(Region$$Table)
    Region$$Table$$Limit                     0x08009c54   Number         0  anon$$obj.o(Region$$Table)
    __ctype                                  0x08009c7d   Data           0  lc_ctype_c.o(locale$$data)
    uwTickFreq                               0x20000000   Data           1  stm32f4xx_hal.o(.data..L_MergedGlobals)
    uwTickPrio                               0x20000004   Data           4  stm32f4xx_hal.o(.data..L_MergedGlobals)
    ASCII_Font12                             0x20000008   Data          12  lcd_fonts.o(.data.ASCII_Font12)
    ASCII_Font16                             0x20000014   Data          12  lcd_fonts.o(.data.ASCII_Font16)
    ASCII_Font20                             0x20000020   Data          12  lcd_fonts.o(.data.ASCII_Font20)
    ASCII_Font24                             0x2000002c   Data          12  lcd_fonts.o(.data.ASCII_Font24)
    ASCII_Font32                             0x20000038   Data          12  lcd_fonts.o(.data.ASCII_Font32)
    CH_Font24                                0x20000044   Data          12  lcd_fonts.o(.data.CH_Font24)
    SystemCoreClock                          0x20000050   Data           4  system_stm32f4xx.o(.data.SystemCoreClock)
    __libspace_start                         0x20000058   Data          96  libspace.o(.bss)
    __temporary_stack_top$libspace           0x200000b8   Data           0  libspace.o(.bss)
    LCD                                      0x200000c0   Data          16  lcd_spi_169.o(.bss..L_MergedGlobals)
    LCD_Buff                                 0x200000d0   Data        2048  lcd_spi_169.o(.bss.LCD_Buff)
    hspi3                                    0x200008d0   Data          88  spi.o(.bss.hspi3)
    uwTick                                   0x20000928   Data           4  stm32f4xx_hal.o(.bss.uwTick)



==============================================================================

Memory Map of the image

  Image Entry point : 0x08000189

  Load Region LR_IROM1 (Base: 0x08000000, Size: 0x00009dd8, Max: 0x00080000, ABSOLUTE)

    Execution Region ER_IROM1 (Exec base: 0x08000000, Load base: 0x08000000, Size: 0x00009d80, Max: 0x00080000, ABSOLUTE)

    Exec Addr    Load Addr    Size         Type   Attr      Idx    E Section Name        Object

    0x08000000   0x08000000   0x00000188   Data   RO            3    RESET               startup_stm32f407xx.o
    0x08000188   0x08000188   0x00000008   Code   RO          786  * !!!main             c_w.l(__main.o)
    0x08000190   0x08000190   0x0000005c   Code   RO         1047    !!!scatter          c_w.l(__scatter.o)
    0x080001ec   0x080001ec   0x0000001a   Code   RO         1051    !!handler_copy      c_w.l(__scatter_copy.o)
    0x08000206   0x08000206   0x00000002   PAD
    0x08000208   0x08000208   0x00000002   Code   RO         1048    !!handler_null      c_w.l(__scatter.o)
    0x0800020a   0x0800020a   0x00000002   PAD
    0x0800020c   0x0800020c   0x0000001c   Code   RO         1053    !!handler_zi        c_w.l(__scatter_zi.o)
    0x08000228   0x08000228   0x00000000   Code   RO          782    .ARM.Collect$$_printf_percent$$00000000  c_w.l(_printf_percent.o)
    0x08000228   0x08000228   0x00000006   Code   RO          778    .ARM.Collect$$_printf_percent$$00000003  c_w.l(_printf_f.o)
    0x0800022e   0x0800022e   0x00000006   Code   RO          779    .ARM.Collect$$_printf_percent$$00000004  c_w.l(_printf_e.o)
    0x08000234   0x08000234   0x00000006   Code   RO          780    .ARM.Collect$$_printf_percent$$00000005  c_w.l(_printf_g.o)
    0x0800023a   0x0800023a   0x00000006   Code   RO          781    .ARM.Collect$$_printf_percent$$00000006  c_w.l(_printf_a.o)
    0x08000240   0x08000240   0x00000006   Code   RO          775    .ARM.Collect$$_printf_percent$$00000008  c_w.l(_printf_i.o)
    0x08000246   0x08000246   0x00000006   Code   RO          776    .ARM.Collect$$_printf_percent$$00000009  c_w.l(_printf_d.o)
    0x0800024c   0x0800024c   0x00000006   Code   RO          777    .ARM.Collect$$_printf_percent$$0000000A  c_w.l(_printf_u.o)
    0x08000252   0x08000252   0x00000006   Code   RO          774    .ARM.Collect$$_printf_percent$$0000000B  c_w.l(_printf_o.o)
    0x08000258   0x08000258   0x00000006   Code   RO          773    .ARM.Collect$$_printf_percent$$0000000C  c_w.l(_printf_x.o)
    0x0800025e   0x0800025e   0x0000000a   Code   RO          819    .ARM.Collect$$_printf_percent$$00000012  c_w.l(_printf_l.o)
    0x08000268   0x08000268   0x00000006   Code   RO          772    .ARM.Collect$$_printf_percent$$00000013  c_w.l(_printf_c.o)
    0x0800026e   0x0800026e   0x00000006   Code   RO          783    .ARM.Collect$$_printf_percent$$00000015  c_w.l(_printf_lc.o)
    0x08000274   0x08000274   0x00000004   Code   RO          818    .ARM.Collect$$_printf_percent$$00000017  c_w.l(_printf_percent_end.o)
    0x08000278   0x08000278   0x00000002   Code   RO          910    .ARM.Collect$$libinit$$00000000  c_w.l(libinit.o)
    0x0800027a   0x0800027a   0x00000004   Code   RO          911    .ARM.Collect$$libinit$$00000001  c_w.l(libinit2.o)
    0x0800027e   0x0800027e   0x00000000   Code   RO          914    .ARM.Collect$$libinit$$00000004  c_w.l(libinit2.o)
    0x0800027e   0x0800027e   0x00000000   Code   RO          916    .ARM.Collect$$libinit$$00000006  c_w.l(libinit2.o)
    0x0800027e   0x0800027e   0x00000000   Code   RO          919    .ARM.Collect$$libinit$$0000000C  c_w.l(libinit2.o)
    0x0800027e   0x0800027e   0x00000000   Code   RO          921    .ARM.Collect$$libinit$$0000000E  c_w.l(libinit2.o)
    0x0800027e   0x0800027e   0x00000000   Code   RO          923    .ARM.Collect$$libinit$$00000010  c_w.l(libinit2.o)
    0x0800027e   0x0800027e   0x00000006   Code   RO          924    .ARM.Collect$$libinit$$00000011  c_w.l(libinit2.o)
    0x08000284   0x08000284   0x00000000   Code   RO          926    .ARM.Collect$$libinit$$00000013  c_w.l(libinit2.o)
    0x08000284   0x08000284   0x0000000c   Code   RO          927    .ARM.Collect$$libinit$$00000014  c_w.l(libinit2.o)
    0x08000290   0x08000290   0x00000000   Code   RO          928    .ARM.Collect$$libinit$$00000015  c_w.l(libinit2.o)
    0x08000290   0x08000290   0x00000000   Code   RO          930    .ARM.Collect$$libinit$$00000017  c_w.l(libinit2.o)
    0x08000290   0x08000290   0x0000000a   Code   RO          931    .ARM.Collect$$libinit$$00000018  c_w.l(libinit2.o)
    0x0800029a   0x0800029a   0x00000000   Code   RO          932    .ARM.Collect$$libinit$$00000019  c_w.l(libinit2.o)
    0x0800029a   0x0800029a   0x00000000   Code   RO          934    .ARM.Collect$$libinit$$0000001B  c_w.l(libinit2.o)
    0x0800029a   0x0800029a   0x00000000   Code   RO          936    .ARM.Collect$$libinit$$0000001D  c_w.l(libinit2.o)
    0x0800029a   0x0800029a   0x00000000   Code   RO          938    .ARM.Collect$$libinit$$0000001F  c_w.l(libinit2.o)
    0x0800029a   0x0800029a   0x00000000   Code   RO          940    .ARM.Collect$$libinit$$00000021  c_w.l(libinit2.o)
    0x0800029a   0x0800029a   0x00000000   Code   RO          942    .ARM.Collect$$libinit$$00000023  c_w.l(libinit2.o)
    0x0800029a   0x0800029a   0x00000000   Code   RO          944    .ARM.Collect$$libinit$$00000025  c_w.l(libinit2.o)
    0x0800029a   0x0800029a   0x00000000   Code   RO          946    .ARM.Collect$$libinit$$00000027  c_w.l(libinit2.o)
    0x0800029a   0x0800029a   0x00000000   Code   RO          950    .ARM.Collect$$libinit$$0000002E  c_w.l(libinit2.o)
    0x0800029a   0x0800029a   0x00000000   Code   RO          952    .ARM.Collect$$libinit$$00000030  c_w.l(libinit2.o)
    0x0800029a   0x0800029a   0x00000000   Code   RO          954    .ARM.Collect$$libinit$$00000032  c_w.l(libinit2.o)
    0x0800029a   0x0800029a   0x00000000   Code   RO          956    .ARM.Collect$$libinit$$00000034  c_w.l(libinit2.o)
    0x0800029a   0x0800029a   0x00000002   Code   RO          957    .ARM.Collect$$libinit$$00000035  c_w.l(libinit2.o)
    0x0800029c   0x0800029c   0x00000002   Code   RO         1012    .ARM.Collect$$libshutdown$$00000000  c_w.l(libshutdown.o)
    0x0800029e   0x0800029e   0x00000000   Code   RO         1030    .ARM.Collect$$libshutdown$$00000002  c_w.l(libshutdown2.o)
    0x0800029e   0x0800029e   0x00000000   Code   RO         1032    .ARM.Collect$$libshutdown$$00000004  c_w.l(libshutdown2.o)
    0x0800029e   0x0800029e   0x00000000   Code   RO         1035    .ARM.Collect$$libshutdown$$00000007  c_w.l(libshutdown2.o)
    0x0800029e   0x0800029e   0x00000000   Code   RO         1038    .ARM.Collect$$libshutdown$$0000000A  c_w.l(libshutdown2.o)
    0x0800029e   0x0800029e   0x00000000   Code   RO         1040    .ARM.Collect$$libshutdown$$0000000C  c_w.l(libshutdown2.o)
    0x0800029e   0x0800029e   0x00000000   Code   RO         1043    .ARM.Collect$$libshutdown$$0000000F  c_w.l(libshutdown2.o)
    0x0800029e   0x0800029e   0x00000002   Code   RO         1044    .ARM.Collect$$libshutdown$$00000010  c_w.l(libshutdown2.o)
    0x080002a0   0x080002a0   0x00000000   Code   RO          796    .ARM.Collect$$rtentry$$00000000  c_w.l(__rtentry.o)
    0x080002a0   0x080002a0   0x00000000   Code   RO          823    .ARM.Collect$$rtentry$$00000002  c_w.l(__rtentry2.o)
    0x080002a0   0x080002a0   0x00000006   Code   RO          835    .ARM.Collect$$rtentry$$00000004  c_w.l(__rtentry4.o)
    0x080002a6   0x080002a6   0x00000000   Code   RO          825    .ARM.Collect$$rtentry$$00000009  c_w.l(__rtentry2.o)
    0x080002a6   0x080002a6   0x00000004   Code   RO          826    .ARM.Collect$$rtentry$$0000000A  c_w.l(__rtentry2.o)
    0x080002aa   0x080002aa   0x00000000   Code   RO          828    .ARM.Collect$$rtentry$$0000000C  c_w.l(__rtentry2.o)
    0x080002aa   0x080002aa   0x00000008   Code   RO          829    .ARM.Collect$$rtentry$$0000000D  c_w.l(__rtentry2.o)
    0x080002b2   0x080002b2   0x00000002   Code   RO          958    .ARM.Collect$$rtexit$$00000000  c_w.l(rtexit.o)
    0x080002b4   0x080002b4   0x00000000   Code   RO          977    .ARM.Collect$$rtexit$$00000002  c_w.l(rtexit2.o)
    0x080002b4   0x080002b4   0x00000004   Code   RO          978    .ARM.Collect$$rtexit$$00000003  c_w.l(rtexit2.o)
    0x080002b8   0x080002b8   0x00000006   Code   RO          979    .ARM.Collect$$rtexit$$00000004  c_w.l(rtexit2.o)
    0x080002be   0x080002be   0x00000002   PAD
    0x080002c0   0x080002c0   0x00000040   Code   RO            4    .text               startup_stm32f407xx.o
    0x08000300   0x08000300   0x000000f0   Code   RO          706    .text               c_w.l(lludivv7m.o)
    0x080003f0   0x080003f0   0x0000004e   Code   RO          714    .text               c_w.l(_printf_pad.o)
    0x0800043e   0x0800043e   0x00000024   Code   RO          716    .text               c_w.l(_printf_truncate.o)
    0x08000462   0x08000462   0x00000052   Code   RO          718    .text               c_w.l(_printf_str.o)
    0x080004b4   0x080004b4   0x00000078   Code   RO          720    .text               c_w.l(_printf_dec.o)
    0x0800052c   0x0800052c   0x000000bc   Code   RO          722    .text               c_w.l(_printf_wctomb.o)
    0x080005e8   0x080005e8   0x00000054   Code   RO          727    .text               c_w.l(_printf_oct_int.o)
    0x0800063c   0x0800063c   0x00000058   Code   RO          734    .text               c_w.l(_printf_hex_int.o)
    0x08000694   0x08000694   0x00000006   Code   RO          784    .text               c_w.l(heapauxi.o)
    0x0800069a   0x0800069a   0x000000b2   Code   RO          801    .text               c_w.l(_printf_intcommon.o)
    0x0800074c   0x0800074c   0x0000041c   Code   RO          803    .text               c_w.l(_printf_fp_dec.o)
    0x08000b68   0x08000b68   0x000002fc   Code   RO          807    .text               c_w.l(_printf_fp_hex.o)
    0x08000e64   0x08000e64   0x0000002c   Code   RO          814    .text               c_w.l(_printf_char.o)
    0x08000e90   0x08000e90   0x0000002c   Code   RO          816    .text               c_w.l(_printf_wchar.o)
    0x08000ebc   0x08000ebc   0x00000048   Code   RO          820    .text               c_w.l(_c16rtomb.o)
    0x08000f04   0x08000f04   0x00000010   Code   RO          837    .text               c_w.l(rt_ctype_table.o)
    0x08000f14   0x08000f14   0x00000008   Code   RO          844    .text               c_w.l(rt_locale_intlibspace.o)
    0x08000f1c   0x08000f1c   0x0000008a   Code   RO          846    .text               c_w.l(lludiv10.o)
    0x08000fa6   0x08000fa6   0x00000002   PAD
    0x08000fa8   0x08000fa8   0x00000080   Code   RO          848    .text               c_w.l(_printf_fp_infnan.o)
    0x08001028   0x08001028   0x000000e4   Code   RO          852    .text               c_w.l(bigflt0.o)
    0x0800110c   0x0800110c   0x00000008   Code   RO          887    .text               c_w.l(libspace.o)
    0x08001114   0x08001114   0x0000004a   Code   RO          890    .text               c_w.l(sys_stackheap_outer.o)
    0x0800115e   0x0800115e   0x00000012   Code   RO          897    .text               c_w.l(exit.o)
    0x08001170   0x08001170   0x0000007c   Code   RO          903    .text               c_w.l(strcmpv7em.o)
    0x080011ec   0x080011ec   0x0000000c   Code   RO          972    .text               c_w.l(sys_exit.o)
    0x080011f8   0x080011f8   0x00000002   Code   RO          999    .text               c_w.l(use_no_semi.o)
    0x080011fa   0x080011fa   0x00000000   Code   RO         1001    .text               c_w.l(indicate_semi.o)
    0x080011fa   0x080011fa   0x00000002   PAD
    0x080011fc   0x080011fc   0x00000002   Code   RO           58    .text.BusFault_Handler  stm32f4xx_it.o
    0x080011fe   0x080011fe   0x00000002   PAD
    0x08001200   0x08001200   0x00000002   Code   RO           64    .text.DebugMon_Handler  stm32f4xx_it.o
    0x08001202   0x08001202   0x00000002   PAD
    0x08001204   0x08001204   0x00000006   Code   RO           17    .text.Error_Handler  main.o
    0x0800120a   0x0800120a   0x00000002   PAD
    0x0800120c   0x0800120c   0x00000028   Code   RO          514    .text.HAL_Delay     stm32f4xx_hal.o
    0x08001234   0x08001234   0x0000019e   Code   RO          309    .text.HAL_GPIO_Init  stm32f4xx_hal_gpio.o
    0x080013d2   0x080013d2   0x00000002   PAD
    0x080013d4   0x080013d4   0x0000000a   Code   RO          315    .text.HAL_GPIO_WritePin  stm32f4xx_hal_gpio.o
    0x080013de   0x080013de   0x00000002   PAD
    0x080013e0   0x080013e0   0x0000000c   Code   RO          506    .text.HAL_GetTick   stm32f4xx_hal.o
    0x080013ec   0x080013ec   0x0000001a   Code   RO          504    .text.HAL_IncTick   stm32f4xx_hal.o
    0x08001406   0x08001406   0x00000002   PAD
    0x08001408   0x08001408   0x00000036   Code   RO          494    .text.HAL_Init      stm32f4xx_hal.o
    0x0800143e   0x0800143e   0x00000002   PAD
    0x08001440   0x08001440   0x00000048   Code   RO          496    .text.HAL_InitTick  stm32f4xx_hal.o
    0x08001488   0x08001488   0x00000038   Code   RO           77    .text.HAL_MspInit   stm32f4xx_hal_msp.o
    0x080014c0   0x080014c0   0x00000056   Code   RO          444    .text.HAL_NVIC_SetPriority  stm32f4xx_hal_cortex.o
    0x08001516   0x08001516   0x00000002   PAD
    0x08001518   0x08001518   0x00000020   Code   RO          442    .text.HAL_NVIC_SetPriorityGrouping  stm32f4xx_hal_cortex.o
    0x08001538   0x08001538   0x00000164   Code   RO          203    .text.HAL_RCC_ClockConfig  stm32f4xx_hal_rcc.o
    0x0800169c   0x0800169c   0x0000006c   Code   RO          205    .text.HAL_RCC_GetSysClockFreq  stm32f4xx_hal_rcc.o
    0x08001708   0x08001708   0x000003b0   Code   RO          201    .text.HAL_RCC_OscConfig  stm32f4xx_hal_rcc.o
    0x08001ab8   0x08001ab8   0x000000b4   Code   RO           85    .text.HAL_SPI_Init  stm32f4xx_hal_spi.o
    0x08001b6c   0x08001b6c   0x0000006a   Code   RO           39    .text.HAL_SPI_MspInit  spi.o
    0x08001bd6   0x08001bd6   0x00000002   PAD
    0x08001bd8   0x08001bd8   0x0000002c   Code   RO          454    .text.HAL_SYSTICK_Config  stm32f4xx_hal_cortex.o
    0x08001c04   0x08001c04   0x00000002   Code   RO           54    .text.HardFault_Handler  stm32f4xx_it.o
    0x08001c06   0x08001c06   0x00000002   PAD
    0x08001c08   0x08001c08   0x00000188   Code   RO          651    .text.LCD_Clear     lcd_spi_169.o
    0x08001d90   0x08001d90   0x0000031c   Code   RO          663    .text.LCD_DisplayChar  lcd_spi_169.o
    0x080020ac   0x080020ac   0x00000358   Code   RO          669    .text.LCD_DisplayChinese  lcd_spi_169.o
    0x08002404   0x08002404   0x00000058   Code   RO          671    .text.LCD_DisplayText  lcd_spi_169.o
    0x0800245c   0x0800245c   0x000002b4   Code   RO          657    .text.LCD_SetAddress  lcd_spi_169.o
    0x08002710   0x08002710   0x00000024   Code   RO          647    .text.LCD_SetBackColor  lcd_spi_169.o
    0x08002734   0x08002734   0x00000024   Code   RO          649    .text.LCD_SetColor  lcd_spi_169.o
    0x08002758   0x08002758   0x000002f6   Code   RO          645    .text.LCD_SetDirection  lcd_spi_169.o
    0x08002a4e   0x08002a4e   0x00000002   PAD
    0x08002a50   0x08002a50   0x0000004c   Code   RO          667    .text.LCD_SetTextFont  lcd_spi_169.o
    0x08002a9c   0x08002a9c   0x00000060   Code   RO           29    .text.MX_GPIO_Init  gpio.o
    0x08002afc   0x08002afc   0x00000058   Code   RO           37    .text.MX_SPI3_Init  spi.o
    0x08002b54   0x08002b54   0x00000002   Code   RO           56    .text.MemManage_Handler  stm32f4xx_it.o
    0x08002b56   0x08002b56   0x00000002   PAD
    0x08002b58   0x08002b58   0x00000002   Code   RO           52    .text.NMI_Handler   stm32f4xx_it.o
    0x08002b5a   0x08002b5a   0x00000002   PAD
    0x08002b5c   0x08002b5c   0x00000002   Code   RO           66    .text.PendSV_Handler  stm32f4xx_it.o
    0x08002b5e   0x08002b5e   0x00000002   PAD
    0x08002b60   0x08002b60   0x00000f9a   Code   RO          643    .text.SPI_LCD_Init  lcd_spi_169.o
    0x08003afa   0x08003afa   0x00000002   PAD
    0x08003afc   0x08003afc   0x00000002   Code   RO           62    .text.SVC_Handler   stm32f4xx_it.o
    0x08003afe   0x08003afe   0x00000002   PAD
    0x08003b00   0x08003b00   0x00000004   Code   RO           68    .text.SysTick_Handler  stm32f4xx_it.o
    0x08003b04   0x08003b04   0x000000a8   Code   RO           13    .text.SystemClock_Config  main.o
    0x08003bac   0x08003bac   0x00000012   Code   RO          586    .text.SystemInit    system_stm32f4xx.o
    0x08003bbe   0x08003bbe   0x00000002   PAD
    0x08003bc0   0x08003bc0   0x00000002   Code   RO           60    .text.UsageFault_Handler  stm32f4xx_it.o
    0x08003bc2   0x08003bc2   0x00000002   PAD
    0x08003bc4   0x08003bc4   0x000001f4   Code   RO           11    .text.main          main.o
    0x08003db8   0x08003db8   0x0000003e   Code   RO          855    CL$$btod_d2e        c_w.l(btod.o)
    0x08003df6   0x08003df6   0x00000046   Code   RO          857    CL$$btod_d2e_denorm_low  c_w.l(btod.o)
    0x08003e3c   0x08003e3c   0x00000060   Code   RO          856    CL$$btod_d2e_norm_op1  c_w.l(btod.o)
    0x08003e9c   0x08003e9c   0x00000338   Code   RO          865    CL$$btod_div_common  c_w.l(btod.o)
    0x080041d4   0x080041d4   0x000000dc   Code   RO          862    CL$$btod_e2e        c_w.l(btod.o)
    0x080042b0   0x080042b0   0x0000002a   Code   RO          859    CL$$btod_ediv       c_w.l(btod.o)
    0x080042da   0x080042da   0x0000002a   Code   RO          858    CL$$btod_emul       c_w.l(btod.o)
    0x08004304   0x08004304   0x00000244   Code   RO          864    CL$$btod_mult_common  c_w.l(btod.o)
    0x08004548   0x08004548   0x00000030   Code   RO          885    i.__ARM_fpclassify  m_wm.l(fpclassify.o)
    0x08004578   0x08004578   0x0000002c   Code   RO          880    locale$$code        c_w.l(lc_numeric_c.o)
    0x080045a4   0x080045a4   0x0000002c   Code   RO          895    locale$$code        c_w.l(lc_ctype_c.o)
    0x080045d0   0x080045d0   0x0000001a   Code   RO          970    x$fpl$fpinit        fz_wm.l(fpinit.o)
    0x080045ea   0x080045ea   0x00000004   Code   RO          788    x$fpl$printf1       fz_wm.l(printf1.o)
    0x080045ee   0x080045ee   0x00000004   Code   RO          790    x$fpl$printf2       fz_wm.l(printf2.o)
    0x080045f2   0x080045f2   0x00000000   Code   RO          884    x$fpl$usenofp       fz_wm.l(usenofp.o)
    0x080045f2   0x080045f2   0x00000002   PAD
    0x080045f4   0x080045f4   0x00000008   Data   RO          723    .constdata          c_w.l(_printf_wctomb.o)
    0x080045fc   0x080045fc   0x00000028   Data   RO          735    .constdata          c_w.l(_printf_hex_int.o)
    0x08004624   0x08004624   0x00000026   Data   RO          808    .constdata          c_w.l(_printf_fp_hex.o)
    0x0800464a   0x0800464a   0x00000002   PAD
    0x0800464c   0x0800464c   0x00000094   Data   RO          853    .constdata          c_w.l(bigflt0.o)
    0x080046e0   0x080046e0   0x00000010   Data   RO          591    .rodata.AHBPrescTable  system_stm32f4xx.o
    0x080046f0   0x080046f0   0x00000474   Data   RO          615    .rodata.ASCII_1206_Table  lcd_fonts.o
    0x08004b64   0x08004b64   0x000005f0   Data   RO          614    .rodata.ASCII_1608_Table  lcd_fonts.o
    0x08005154   0x08005154   0x00000ed8   Data   RO          613    .rodata.ASCII_2010_Table  lcd_fonts.o
    0x0800602c   0x0800602c   0x000011d0   Data   RO          612    .rodata.ASCII_2412_Table  lcd_fonts.o
    0x080071fc   0x080071fc   0x000017c0   Data   RO          611    .rodata.ASCII_3216_Table  lcd_fonts.o
    0x080089bc   0x080089bc   0x00001248   Data   RO          604    .rodata.Chinese_2424  lcd_fonts.o
    0x08009c04   0x08009c04   0x00000030   Data   RO           19    .rodata.str1.1      main.o
    0x08009c34   0x08009c34   0x00000020   Data   RO         1046    Region$$Table       anon$$obj.o
    0x08009c54   0x08009c54   0x0000001c   Data   RO          879    locale$$data        c_w.l(lc_numeric_c.o)
    0x08009c70   0x08009c70   0x00000110   Data   RO          894    locale$$data        c_w.l(lc_ctype_c.o)


    Execution Region RW_IRAM1 (Exec base: 0x20000000, Load base: 0x08009d80, Size: 0x00000f30, Max: 0x0001c000, ABSOLUTE)

    Exec Addr    Load Addr    Size         Type   Attr      Idx    E Section Name        Object

    0x20000000   0x08009d80   0x00000008   Data   RW          549    .data..L_MergedGlobals  stm32f4xx_hal.o
    0x20000008   0x08009d88   0x0000000c   Data   RW          620    .data.ASCII_Font12  lcd_fonts.o
    0x20000014   0x08009d94   0x0000000c   Data   RW          619    .data.ASCII_Font16  lcd_fonts.o
    0x20000020   0x08009da0   0x0000000c   Data   RW          618    .data.ASCII_Font20  lcd_fonts.o
    0x2000002c   0x08009dac   0x0000000c   Data   RW          617    .data.ASCII_Font24  lcd_fonts.o
    0x20000038   0x08009db8   0x0000000c   Data   RW          616    .data.ASCII_Font32  lcd_fonts.o
    0x20000044   0x08009dc4   0x0000000c   Data   RW          609    .data.CH_Font24     lcd_fonts.o
    0x20000050   0x08009dd0   0x00000004   Data   RW          590    .data.SystemCoreClock  system_stm32f4xx.o
    0x20000054   0x08009dd4   0x00000004   PAD
    0x20000058        -       0x00000060   Zero   RW          888    .bss                c_w.l(libspace.o)
    0x200000b8        -       0x00000018   Zero   RW          696    .bss..L_MergedGlobals  lcd_spi_169.o
    0x200000d0        -       0x00000800   Zero   RW          695    .bss.LCD_Buff       lcd_spi_169.o
    0x200008d0        -       0x00000058   Zero   RW           43    .bss.hspi3          spi.o
    0x20000928        -       0x00000004   Zero   RW          548    .bss.uwTick         stm32f4xx_hal.o
    0x2000092c   0x08009dd4   0x00000004   PAD
    0x20000930        -       0x00000200   Zero   RW            2    HEAP                startup_stm32f407xx.o
    0x20000b30        -       0x00000400   Zero   RW            1    STACK               startup_stm32f407xx.o


    Execution Region RW_IRAM2 (Exec base: 0x2001c000, Load base: 0x08009dd8, Size: 0x00000000, Max: 0x00004000, ABSOLUTE)

    **** No section assigned to this execution region ****


==============================================================================

Image component sizes


      Code (inc. data)   RO Data    RW Data    ZI Data      Debug   Object Name

        96          0          0          0          0       1512   gpio.o
         0          0      21780         72          0       1575   lcd_fonts.o
      7724         34          0          0       2072      41042   lcd_spi_169.o
       674          0         48          0          0       4222   main.o
       194          0          0          0         88       5235   spi.o
        64         26        392          0       1536        876   startup_stm32f407xx.o
       204          0          0          8          4       7330   stm32f4xx_hal.o
       162          0          0          0          0      10784   stm32f4xx_hal_cortex.o
       424          0          0          0          0       5358   stm32f4xx_hal_gpio.o
        56          0          0          0          0       1485   stm32f4xx_hal_msp.o
      1408          0          0          0          0       7474   stm32f4xx_hal_rcc.o
       180          0          0          0          0      26354   stm32f4xx_hal_spi.o
        20          0          0          0          0       1172   stm32f4xx_it.o
        18          0         16          4          0       2674   system_stm32f4xx.o

    ----------------------------------------------------------------------
     11260         60      22268         84       3708     117093   Object Totals
         0          0         32          0          0          0   (incl. Generated)
        36          0          0          0          8          0   (incl. Padding)

    ----------------------------------------------------------------------

      Code (inc. data)   RO Data    RW Data    ZI Data      Debug   Library Member Name

         8          0          0          0          0         68   __main.o
         0          0          0          0          0          0   __rtentry.o
        12          0          0          0          0          0   __rtentry2.o
         6          0          0          0          0          0   __rtentry4.o
        94          8          0          0          0          0   __scatter.o
        26          0          0          0          0          0   __scatter_copy.o
        28          0          0          0          0          0   __scatter_zi.o
        72          0          0          0          0         96   _c16rtomb.o
         6          0          0          0          0          0   _printf_a.o
         6          0          0          0          0          0   _printf_c.o
        44          0          0          0          0        108   _printf_char.o
         6          0          0          0          0          0   _printf_d.o
       120         16          0          0          0         92   _printf_dec.o
         6          0          0          0          0          0   _printf_e.o
         6          0          0          0          0          0   _printf_f.o
      1052          0          0          0          0        148   _printf_fp_dec.o
       764          8         38          0          0        100   _printf_fp_hex.o
       128         16          0          0          0         84   _printf_fp_infnan.o
         6          0          0          0          0          0   _printf_g.o
        88          4         40          0          0         88   _printf_hex_int.o
         6          0          0          0          0          0   _printf_i.o
       178          0          0          0          0         88   _printf_intcommon.o
        10          0          0          0          0          0   _printf_l.o
         6          0          0          0          0          0   _printf_lc.o
         6          0          0          0          0          0   _printf_o.o
        84         10          0          0          0         88   _printf_oct_int.o
        78          0          0          0          0        108   _printf_pad.o
         0          0          0          0          0          0   _printf_percent.o
         4          0          0          0          0          0   _printf_percent_end.o
        82          0          0          0          0         80   _printf_str.o
        36          0          0          0          0         84   _printf_truncate.o
         6          0          0          0          0          0   _printf_u.o
        44          0          0          0          0        108   _printf_wchar.o
       188          6          8          0          0         92   _printf_wctomb.o
         6          0          0          0          0          0   _printf_x.o
       228          4        148          0          0         96   bigflt0.o
      1936        128          0          0          0        668   btod.o
        18          0          0          0          0         80   exit.o
         6          0          0          0          0        152   heapauxi.o
         0          0          0          0          0          0   indicate_semi.o
        44         10        272          0          0         76   lc_ctype_c.o
        44         10         28          0          0         76   lc_numeric_c.o
         2          0          0          0          0          0   libinit.o
        34          0          0          0          0          0   libinit2.o
         2          0          0          0          0          0   libshutdown.o
         2          0          0          0          0          0   libshutdown2.o
         8          4          0          0         96         68   libspace.o
       138          0          0          0          0         80   lludiv10.o
       240          0          0          0          0        100   lludivv7m.o
        16          4          0          0          0         76   rt_ctype_table.o
         8          4          0          0          0         68   rt_locale_intlibspace.o
         2          0          0          0          0          0   rtexit.o
        10          0          0          0          0          0   rtexit2.o
       124          0          0          0          0         88   strcmpv7em.o
        12          4          0          0          0         68   sys_exit.o
        74          0          0          0          0         80   sys_stackheap_outer.o
         2          0          0          0          0         68   use_no_semi.o
        26          0          0          0          0        116   fpinit.o
         4          0          0          0          0        116   printf1.o
         4          0          0          0          0        116   printf2.o
         0          0          0          0          0          0   usenofp.o
        48          0          0          0          0        124   fpclassify.o

    ----------------------------------------------------------------------
      6256        236        536          0         96       3748   Library Totals
        12          0          2          0          0          0   (incl. Padding)

    ----------------------------------------------------------------------

      Code (inc. data)   RO Data    RW Data    ZI Data      Debug   Library Name

      6162        236        534          0         96       3276   c_w.l
        34          0          0          0          0        348   fz_wm.l
        48          0          0          0          0        124   m_wm.l

    ----------------------------------------------------------------------
      6256        236        536          0         96       3748   Library Totals

    ----------------------------------------------------------------------

==============================================================================


      Code (inc. data)   RO Data    RW Data    ZI Data      Debug   

     17516        296      22804         84       3804     118773   Grand Totals
     17516        296      22804         84       3804     118773   ELF Image Totals
     17516        296      22804         84          0          0   ROM Totals

==============================================================================

    Total RO  Size (Code + RO Data)                40320 (  39.38kB)
    Total RW  Size (RW Data + ZI Data)              3888 (   3.80kB)
    Total ROM Size (Code + RO Data + RW Data)      40404 (  39.46kB)

==============================================================================

