<html>
<body>
<pre>
<h1>µVision Build Log</h1>
<h2>Tool Versions:</h2>
IDE-Version: ¦ÌVision V5.39.0.0
Copyright (C) 2023 ARM Ltd and ARM Germany GmbH. All rights reserved.
License Information: 1 1, 1, LIC=14HV2-9STU3-CXIU6-D5UTE-N70G9-6ZRGT
 
Tool Versions:
Toolchain:       MDK-ARM Plus  Version: 5.39.0.0
Toolchain Path:  D:\Keil_v5\ARM\ARMCLANG\Bin
C Compiler:      ArmClang.exe V6.21
Assembler:       Armasm.exe V6.21
Linker/Locator:  ArmLink.exe V6.21
Library Manager: ArmAr.exe V6.21
Hex Converter:   FromElf.exe V6.21
CPU DLL:         SARMCM3.DLL V5.39.0.0
Dialog DLL:      DCM.DLL V1.17.5.0
Target DLL:      STLink\ST-LINKIII-KEIL_SWO.dll V3.2.0.0
Dialog DLL:      TCM.DLL V1.56.4.0
 
<h2>Project:</h2>
D:\embedded\EmbeddedHardware\products\FK407M3-VET6-EB\code\01-LVGL_SPI_LCD\MDK-ARM\01-LVGL_SPI_LCD.uvprojx
Project File Date:  11/03/2024

<h2>Output:</h2>
*** Using Compiler 'V6.21', folder: 'D:\Keil_v5\ARM\ARMCLANG\Bin'
Build target '01-LVGL_SPI_LCD'
compiling lv_freetype.c...
compiling lv_draw_sw_blend.c...
compiling lv_ftsystem.c...
compiling lv_bmp.c...
compiling lv_ffmpeg.c...
compiling lv_freetype_glyph.c...
compiling lv_freetype_image.c...
compiling code128.c...
compiling lv_freetype_outline.c...
compiling lv_barcode.c...
compiling lv_flex.c...
compiling lv_grid.c...
compiling lv_fs_fatfs.c...
compiling lv_obj_tree.c...
compiling lv_fs_littlefs.c...
compiling lv_fs_memfs.c...
compiling lv_fs_posix.c...
compiling lv_fs_stdio.c...
compiling lv_fs_win32.c...
compiling lv_gif.c...
compiling lv_libjpeg_turbo.c...
compiling lv_libpng.c...
compiling lodepng.c...
compiling lv_lodepng.c...
compiling lv_qrcode.c...
compiling lv_rlottie.c...
compiling lv_draw_sw_blend_to_rgb565.c...
compiling lv_tiny_ttf.c...
compiling lv_tjpgd.c...
compiling lv_cache_entry.c...
compiling lv_draw_sw_blend_to_rgb888.c...
compiling _lv_cache_lru_rb.c...
compiling lv_cache.c...
compiling lv_monkey.c...
compiling lv_file_explorer.c...
compiling vg_lite_matrix.c...
compiling lv_sprintf_clib.c...
compiling lv_string_clib.c...
compiling lv_draw_sw_blend_to_argb8888.c...
compiling lv_imgfont.c...
compiling lv_sysmon.c...
compiling lv_string_builtin.c...
compiling lv_button.c...
compiling lv_animimage.c...
compiling lv_checkbox.c...
compiling lv_keyboard.c...
compiling lv_canvas.c...
compiling lv_theme_mono.c...
compiling lv_theme_simple.c...
compiling lv_image.c...
compiling lv_spinner.c...
compiling lv_calendar.c...
compiling lv_slider.c...
compiling lv_theme_default.c...
compiling lv_buttonmatrix.c...
compiling lv_switch.c...
compiling lv_scale.c...
compiling lv_win.c...
compiling lv_tabview.c...
compiling lv_chart.c...
linking...
Program Size: Code=233432 RO-data=24464 RW-data=164 ZI-data=92772  
FromELF: creating hex file...
"01-LVGL_SPI_LCD\01-LVGL_SPI_LCD.axf" - 0 Error(s), 0 Warning(s).

<h2>Software Packages used:</h2>

Package Vendor: ARM
                http://www.keil.com/pack/ARM.CMSIS.5.9.0.pack
                ARM::CMSIS@5.9.0
                CMSIS (Common Microcontroller Software Interface Standard)
   * Component: CORE Version: 5.6.0

Package Vendor: Keil
                https://www.keil.com/pack/Keil.STM32F4xx_DFP.2.17.1.pack
                Keil::STM32F4xx_DFP@2.17.1
                STMicroelectronics STM32F4 Series Device Support, Drivers and Examples

<h2>Collection of Component include folders:</h2>
  ./RTE/_01-LVGL_SPI_LCD
  D:/Users/YEWAN/AppData/Local/Arm/Packs/ARM/CMSIS/5.9.0/CMSIS/Core/Include
  D:/Users/YEWAN/AppData/Local/Arm/Packs/Keil/STM32F4xx_DFP/2.17.1/Drivers/CMSIS/Device/ST/STM32F4xx/Include

<h2>Collection of Component Files used:</h2>

   * Component: ARM::CMSIS:CORE@5.6.0
      Include file:  CMSIS/Core/Include/tz_context.h
Build Time Elapsed:  00:00:09
</pre>
</body>
</html>
