<html>
<body>
<pre>
<h1>µVision Build Log</h1>
<h2>Tool Versions:</h2>
IDE-Version: ¦ÌVision V5.39.0.0
Copyright (C) 2023 ARM Ltd and ARM Germany GmbH. All rights reserved.
License Information: 1 1, 1, LIC=14HV2-9STU3-CXIU6-D5UTE-N70G9-6ZRGT
 
Tool Versions:
Toolchain:       MDK-ARM Plus  Version: 5.39.0.0
Toolchain Path:  D:\Keil_v5\ARM\ARMCLANG\Bin
C Compiler:      ArmClang.exe V6.21
Assembler:       Armasm.exe V6.21
Linker/Locator:  ArmLink.exe V6.21
Library Manager: ArmAr.exe V6.21
Hex Converter:   FromElf.exe V6.21
CPU DLL:         SARMCM3.DLL V5.39.0.0
Dialog DLL:      DCM.DLL V1.17.5.0
Target DLL:      STLink\ST-LINKIII-KEIL_SWO.dll V3.2.0.0
Dialog DLL:      TCM.DLL V1.56.4.0
 
<h2>Project:</h2>
D:\embedded\EmbeddedHardware\products\FK407M3-VET6-EB\code\01-LVGL_SPI_LCD\MDK-ARM\01-LVGL_SPI_LCD.uvprojx
Project File Date:  11/03/2024

<h2>Output:</h2>
*** Using Compiler 'V6.21', folder: 'D:\Keil_v5\ARM\ARMCLANG\Bin'
Rebuild target '01-LVGL_SPI_LCD'
compiling stm32f4xx_it.c...
compiling spi.c...
compiling stm32f4xx_hal_dma_ex.c...
compiling gpio.c...
assembling startup_stm32f407xx.s...
compiling stm32f4xx_hal_flash_ramfunc.c...
compiling stm32f4xx_hal_msp.c...
compiling stm32f4xx_hal_flash.c...
compiling tim.c...
compiling stm32f4xx_hal_gpio.c...
compiling stm32f4xx_hal_rcc_ex.c...
compiling stm32f4xx_hal_flash_ex.c...
compiling stm32f4xx_hal_rcc.c...
compiling main.c...
compiling stm32f4xx_hal_dma.c...
compiling stm32f4xx_hal_pwr.c...
compiling stm32f4xx_hal_pwr_ex.c...
compiling stm32f4xx_hal.c...
compiling stm32f4xx_hal_cortex.c...
compiling stm32f4xx_hal_exti.c...
compiling system_stm32f4xx.c...
compiling stm32f4xx_hal_spi.c...
compiling lv_disp.c...
compiling lv_port_disp.c...
compiling lv_event.c...
compiling lv_group.c...
compiling lv_obj_class.c...
compiling stm32f4xx_hal_tim_ex.c...
compiling lv_indev_scroll.c...
compiling lcd_spi_169.c...
compiling lv_indev.c...
compiling lv_obj_draw.c...
compiling lv_obj.c...
compiling lv_draw.c...
compiling lv_obj_style_gen.c...
compiling lv_draw_arc.c...
compiling lv_theme.c...
compiling lv_draw_img.c...
compiling lv_obj_scroll.c...
compiling lv_draw_layer.c...
compiling lv_obj_tree.c...
compiling lv_draw_line.c...
compiling lv_obj_style.c...
compiling lv_draw_label.c...
compiling lv_obj_pos.c...
compiling stm32f4xx_hal_tim.c...
compiling lv_draw_rect.c...
compiling lv_draw_triangle.c...
compiling lv_draw_transform.c...
compiling lv_img_cache.c...
compiling lv_draw_sw.c...
compiling lv_img_buf.c...
compiling lv_draw_sw_dither.c...
compiling lv_refr.c...
compiling lv_draw_sw_layer.c...
compiling lv_draw_sw_gradient.c...
compiling lv_draw_sw_arc.c...
compiling lv_img_decoder.c...
compiling lv_draw_sw_letter.c...
compiling lv_draw_sw_polygon.c...
compiling lv_draw_sw_img.c...
compiling lv_draw_sw_line.c...
compiling lv_extra.c...
compiling lv_draw_mask.c...
compiling lv_bmp.c...
compiling lv_draw_sw_transform.c...
compiling lv_flex.c...
compiling gifdec.c...
compiling lv_fs_littlefs.c...
compiling lv_fs_posix.c...
compiling lv_ffmpeg.c...
compiling lv_fs_fatfs.c...
compiling lv_freetype.c...
compiling lv_fs_stdio.c...
compiling lv_draw_sw_blend.c...
compiling lv_fs_win32.c...
compiling lv_grid.c...
compiling lv_gif.c...
compiling lodepng.c...
compiling lv_draw_sw_rect.c...
compiling lv_png.c...
compiling lv_qrcode.c...
compiling tjpgd.c...
compiling lv_fragment.c...
compiling lv_fragment_manager.c...
compiling lv_gridnav.c...
compiling lv_rlottie.c...
compiling lv_sjpg.c...
compiling lv_tiny_ttf.c...
compiling lv_ime_pinyin.c...
compiling lv_msg.c...
compiling lv_imgfont.c...
compiling lv_monkey.c...
compiling lv_snapshot.c...
compiling lv_calendar_header_arrow.c...
compiling lv_animimg.c...
compiling lv_theme_basic.c...
compiling lv_theme_mono.c...
compiling lv_list.c...
compiling lv_calendar_header_dropdown.c...
compiling lv_calendar.c...
compiling lv_keyboard.c...
compiling lv_led.c...
compiling lv_menu.c...
compiling lv_imgbtn.c...
compiling lv_msgbox.c...
compiling lv_meter.c...
compiling lv_colorwheel.c...
compiling lv_font.c...
compiling lv_spinner.c...
compiling lv_tileview.c...
compiling lv_spinbox.c...
compiling lv_win.c...
compiling lv_theme_default.c...
compiling lv_font_fmt_txt.c...
compiling lv_font_dejavu_16_persian_hebrew.c...
compiling lv_tabview.c...
compiling lv_font_montserrat_10.c...
compiling lv_font_montserrat_8.c...
compiling lv_font_montserrat_12.c...
compiling lv_chart.c...
compiling lv_span.c...
compiling lv_font_montserrat_12_subpx.c...
compiling qrcodegen.c...
compiling lv_font_montserrat_14.c...
compiling lv_font_montserrat_16.c...
compiling lv_font_montserrat_18.c...
compiling lv_font_montserrat_22.c...
compiling lv_font_montserrat_20.c...
compiling lv_font_loader.c...
compiling lv_font_montserrat_24.c...
compiling lv_font_montserrat_26.c...
compiling lv_font_montserrat_28.c...
compiling lv_font_montserrat_28_compressed.c...
compiling lv_font_montserrat_30.c...
compiling lv_font_montserrat_32.c...
compiling lv_font_montserrat_36.c...
compiling lv_font_montserrat_34.c...
compiling lv_font_montserrat_40.c...
compiling lv_font_montserrat_38.c...
compiling lv_font_montserrat_42.c...
compiling lv_font_montserrat_44.c...
compiling lv_font_montserrat_46.c...
compiling lv_font_unscii_8.c...
compiling lv_font_montserrat_48.c...
compiling lv_font_unscii_16.c...
compiling lv_font_simsun_16_cjk.c...
compiling lv_hal_indev.c...
compiling lv_hal_tick.c...
compiling lv_bidi.c...
compiling lv_async.c...
compiling lv_hal_disp.c...
compiling lv_anim_timeline.c...
compiling lv_gc.c...
compiling lv_color.c...
compiling lv_anim.c...
compiling lv_area.c...
compiling lv_log.c...
compiling lv_fs.c...
compiling lv_ll.c...
compiling lv_math.c...
compiling lv_templ.c...
compiling lv_timer.c...
compiling lv_lru.c...
compiling lv_utils.c...
compiling lv_printf.c...
compiling lv_txt_ap.c...
compiling lv_style_gen.c...
compiling lv_style.c...
compiling lv_mem.c...
compiling lv_btn.c...
compiling lv_bar.c...
compiling lv_txt.c...
compiling lv_objx_templ.c...
compiling lv_checkbox.c...
compiling lv_tlsf.c...
compiling lv_arc.c...
compiling lv_line.c...
compiling lv_canvas.c...
compiling lv_switch.c...
compiling lv_slider.c...
compiling lv_btnmatrix.c...
compiling lv_img.c...
compiling lv_roller.c...
compiling lv_dropdown.c...
compiling lv_label.c...
compiling lv_demo_stress.c...
compiling lv_table.c...
compiling lv_textarea.c...
linking...
Program Size: Code=217832 RO-data=18812 RW-data=172 ZI-data=74220  
FromELF: creating hex file...
"01-LVGL_SPI_LCD\01-LVGL_SPI_LCD.axf" - 0 Error(s), 0 Warning(s).

<h2>Software Packages used:</h2>

Package Vendor: ARM
                http://www.keil.com/pack/ARM.CMSIS.5.9.0.pack
                ARM::CMSIS@5.9.0
                CMSIS (Common Microcontroller Software Interface Standard)
   * Component: CORE Version: 5.6.0

Package Vendor: Keil
                https://www.keil.com/pack/Keil.STM32F4xx_DFP.2.17.1.pack
                Keil::STM32F4xx_DFP@2.17.1
                STMicroelectronics STM32F4 Series Device Support, Drivers and Examples

<h2>Collection of Component include folders:</h2>
  ./RTE/_01-LVGL_SPI_LCD
  D:/Users/YEWAN/AppData/Local/Arm/Packs/ARM/CMSIS/5.9.0/CMSIS/Core/Include
  D:/Users/YEWAN/AppData/Local/Arm/Packs/Keil/STM32F4xx_DFP/2.17.1/Drivers/CMSIS/Device/ST/STM32F4xx/Include

<h2>Collection of Component Files used:</h2>

   * Component: ARM::CMSIS:CORE@5.6.0
      Include file:  CMSIS/Core/Include/tz_context.h
Build Time Elapsed:  00:00:08
</pre>
</body>
</html>
